dhclient[1056]: DHCPREQUEST of 192.168.225.149 on ens33 to 192.168.225.254 port 67 (xid=0x1d6ed69f)
dhclient[1056]: DHCPACK of 192.168.225.149 from 192.168.225.254
dhclient[1056]: bound to 192.168.225.149 -- renewal in 833 seconds.
systemd-timesyncd[802]: Timed out waiting for reply from 91.189.89.198:123 (ntp.ubuntu.com).
systemd-timesyncd[802]: Timed out waiting for reply from 91.189.89.199:123 (ntp.ubuntu.com).
systemd-timesyncd[802]: Timed out waiting for reply from 91.189.91.157:123 (ntp.ubuntu.com).
systemd-timesyncd[802]: Timed out waiting for reply from 91.189.94.4:123 (ntp.ubuntu.com).
systemd[1]: Reloading.
systemd[1]: Starting Daily apt download activities...
systemd[1]: Started ACPI event daemon.
systemd[1]: Started Daily apt download activities.
systemd[1]: Reloading.
systemd[1]: Started ACPI event daemon.
systemd[1]: Reloading.
systemd[1]: Started ACPI event daemon.
CRON[10918]: (root) CMD (command -v debian-sa1 > /dev/null && debian-sa1 1 1)
CRON[10977]: (root) CMD (  [ -x /usr/lib/php/sessionclean ] && /usr/lib/php/sessionclean)
dhclient[1056]: DHCPREQUEST of 192.168.225.149 on ens33 to 192.168.225.254 port 67 (xid=0x1d6ed69f)
dhclient[1056]: DHCPACK of 192.168.225.149 from 192.168.225.254
dhclient[1056]: bound to 192.168.225.149 -- renewal in 716 seconds.
CRON[11097]: (root) CMD (command -v debian-sa1 > /dev/null && debian-sa1 1 1)
CRON[11211]: (root) CMD (command -v debian-sa1 > /dev/null && debian-sa1 1 1)
dhclient[1056]: DHCPREQUEST of 192.168.225.149 on ens33 to 192.168.225.254 port 67 (xid=0x1d6ed69f)
dhclient[1056]: DHCPACK of 192.168.225.149 from 192.168.225.254
dhclient[1056]: bound to 192.168.225.149 -- renewal in 770 seconds.
CRON[11338]: (root) CMD (command -v debian-sa1 > /dev/null && debian-sa1 1 1)
systemd-timesyncd[802]: Timed out waiting for reply from 91.189.94.4:123 (ntp.ubuntu.com).
dhclient[1056]: DHCPREQUEST of 192.168.225.149 on ens33 to 192.168.225.254 port 67 (xid=0x1d6ed69f)
dhclient[1056]: DHCPACK of 192.168.225.149 from 192.168.225.254
dhclient[1056]: bound to 192.168.225.149 -- renewal in 775 seconds.
systemd-timesyncd[802]: Timed out waiting for reply from 91.189.89.199:123 (ntp.ubuntu.com).
systemd-timesyncd[802]: Timed out waiting for reply from 91.189.89.198:123 (ntp.ubuntu.com).
systemd-timesyncd[802]: Timed out waiting for reply from 91.189.91.157:123 (ntp.ubuntu.com).
CRON[11397]: (root) CMD (  [ -x /usr/lib/php/sessionclean ] && /usr/lib/php/sessionclean)
CRON[11505]: (root) CMD (command -v debian-sa1 > /dev/null && debian-sa1 1 1)
CRON[11530]: (root) CMD (   cd / && run-parts --report /etc/cron.hourly)
dhclient[1056]: DHCPREQUEST of 192.168.225.149 on ens33 to 192.168.225.254 port 67 (xid=0x1d6ed69f)
dhclient[1056]: DHCPACK of 192.168.225.149 from 192.168.225.254
dhclient[1056]: bound to 192.168.225.149 -- renewal in 691 seconds.
CRON[11633]: (root) CMD (command -v debian-sa1 > /dev/null && debian-sa1 1 1)
dhclient[1056]: DHCPREQUEST of 192.168.225.149 on ens33 to 192.168.225.254 port 67 (xid=0x1d6ed69f)
dhclient[1056]: DHCPACK of 192.168.225.149 from 192.168.225.254
dhclient[1056]: bound to 192.168.225.149 -- renewal in 688 seconds.
CRON[11799]: (root) CMD (command -v debian-sa1 > /dev/null && debian-sa1 1 1)
CRON[11846]: (root) CMD (  [ -x /usr/lib/php/sessionclean ] && /usr/lib/php/sessionclean)
systemd-timesyncd[802]: Timed out waiting for reply from 91.189.89.199:123 (ntp.ubuntu.com).
systemd-timesyncd[802]: Timed out waiting for reply from 91.189.94.4:123 (ntp.ubuntu.com).
systemd-timesyncd[802]: Timed out waiting for reply from 91.189.91.157:123 (ntp.ubuntu.com).
systemd-timesyncd[802]: Timed out waiting for reply from 91.189.89.198:123 (ntp.ubuntu.com).
dhclient[1056]: DHCPREQUEST of 192.168.225.149 on ens33 to 192.168.225.254 port 67 (xid=0x1d6ed69f)
dhclient[1056]: DHCPACK of 192.168.225.149 from 192.168.225.254
dhclient[1056]: bound to 192.168.225.149 -- renewal in 821 seconds.
CRON[11966]: (root) CMD (command -v debian-sa1 > /dev/null && debian-sa1 1 1)
CRON[12080]: (root) CMD (command -v debian-sa1 > /dev/null && debian-sa1 1 1)
dhclient[1056]: DHCPREQUEST of 192.168.225.149 on ens33 to 192.168.225.254 port 67 (xid=0x1d6ed69f)
dhclient[1056]: DHCPACK of 192.168.225.149 from 192.168.225.254
dhclient[1056]: bound to 192.168.225.149 -- renewal in 694 seconds.
CRON[12207]: (root) CMD (command -v debian-sa1 > /dev/null && debian-sa1 1 1)
CRON[12255]: (root) CMD (  [ -x /usr/lib/php/sessionclean ] && /usr/lib/php/sessionclean)
dhclient[1056]: DHCPREQUEST of 192.168.225.149 on ens33 to 192.168.225.254 port 67 (xid=0x1d6ed69f)
dhclient[1056]: DHCPACK of 192.168.225.149 from 192.168.225.254
dhclient[1056]: bound to 192.168.225.149 -- renewal in 754 seconds.
CRON[12376]: (root) CMD (command -v debian-sa1 > /dev/null && debian-sa1 1 1)
CRON[12401]: (root) CMD (   cd / && run-parts --report /etc/cron.hourly)
systemd-timesyncd[802]: Timed out waiting for reply from 91.189.91.157:123 (ntp.ubuntu.com).
systemd-timesyncd[802]: Timed out waiting for reply from 91.189.89.198:123 (ntp.ubuntu.com).
systemd-timesyncd[802]: Timed out waiting for reply from 91.189.89.199:123 (ntp.ubuntu.com).
systemd-timesyncd[802]: Timed out waiting for reply from 91.189.94.4:123 (ntp.ubuntu.com).
dhclient[1056]: DHCPREQUEST of 192.168.225.149 on ens33 to 192.168.225.254 port 67 (xid=0x1d6ed69f)
dhclient[1056]: DHCPACK of 192.168.225.149 from 192.168.225.254
dhclient[1056]: bound to 192.168.225.149 -- renewal in 722 seconds.
CRON[12504]: (root) CMD (command -v debian-sa1 > /dev/null && debian-sa1 1 1)
dhclient[1056]: DHCPREQUEST of 192.168.225.149 on ens33 to 192.168.225.254 port 67 (xid=0x1d6ed69f)
dhclient[1056]: DHCPACK of 192.168.225.149 from 192.168.225.254
dhclient[1056]: bound to 192.168.225.149 -- renewal in 734 seconds.
CRON[12629]: (root) CMD (command -v debian-sa1 > /dev/null && debian-sa1 1 1)
CRON[12676]: (root) CMD (  [ -x /usr/lib/php/sessionclean ] && /usr/lib/php/sessionclean)
CRON[12891]: (root) CMD (command -v debian-sa1 > /dev/null && debian-sa1 1 1)
dhclient[1056]: DHCPREQUEST of 192.168.225.149 on ens33 to 192.168.225.254 port 67 (xid=0x1d6ed69f)
dhclient[1056]: DHCPACK of 192.168.225.149 from 192.168.225.254
dhclient[1056]: bound to 192.168.225.149 -- renewal in 789 seconds.
systemd-timesyncd[802]: Timed out waiting for reply from 91.189.91.157:123 (ntp.ubuntu.com).
systemd-timesyncd[802]: Timed out waiting for reply from 91.189.94.4:123 (ntp.ubuntu.com).
systemd-timesyncd[802]: Timed out waiting for reply from 91.189.89.199:123 (ntp.ubuntu.com).
systemd-timesyncd[802]: Timed out waiting for reply from 91.189.89.198:123 (ntp.ubuntu.com).
CRON[18174]: (root) CMD (command -v debian-sa1 > /dev/null && debian-sa1 1 1)
dhclient[1056]: DHCPREQUEST of 192.168.225.149 on ens33 to 192.168.225.254 port 67 (xid=0x1d6ed69f)
dhclient[1056]: DHCPACK of 192.168.225.149 from 192.168.225.254
dhclient[1056]: bound to 192.168.225.149 -- renewal in 854 seconds.
kernel: [40336.500964] device ens33 entered promiscuous mode
kernel: [40342.937116] device ens33 left promiscuous mode
kernel: [40346.441580] device ens33 entered promiscuous mode
kernel: [40349.746886] device ens33 left promiscuous mode
kernel: [40361.845530] device ens33 entered promiscuous mode
kernel: [40364.243886] device ens33 left promiscuous mode
kernel: [40373.513006] device ens33 entered promiscuous mode
kernel: [40377.209286] device ens33 left promiscuous mode
kernel: [40382.900920] device ens33 entered promiscuous mode
kernel: [40387.506016] device ens33 left promiscuous mode
kernel: [40442.660681] device ens33 entered promiscuous mode
kernel: [40474.424041] device ens33 left promiscuous mode
kernel: [40479.889657] device ens33 entered promiscuous mode
kernel: [40486.375552] device ens33 left promiscuous mode
kernel: [40498.593689] device ens33 entered promiscuous mode
CRON[18334]: (root) CMD (command -v debian-sa1 > /dev/null && debian-sa1 1 1)
CRON[18382]: (root) CMD (  [ -x /usr/lib/php/sessionclean ] && /usr/lib/php/sessionclean)
dhclient[1056]: DHCPREQUEST of 192.168.225.149 on ens33 to 192.168.225.254 port 67 (xid=0x1d6ed69f)
dhclient[1056]: DHCPACK of 192.168.225.149 from 192.168.225.254
dhclient[1056]: bound to 192.168.225.149 -- renewal in 864 seconds.
CRON[18503]: (root) CMD (command -v debian-sa1 > /dev/null && debian-sa1 1 1)
CRON[18528]: (root) CMD (   cd / && run-parts --report /etc/cron.hourly)
CRON[18621]: (root) CMD (command -v debian-sa1 > /dev/null && debian-sa1 1 1)
systemd-timesyncd[802]: Timed out waiting for reply from 91.189.94.4:123 (ntp.ubuntu.com).
systemd-timesyncd[802]: Timed out waiting for reply from 91.189.89.198:123 (ntp.ubuntu.com).
systemd-timesyncd[802]: Timed out waiting for reply from 91.189.91.157:123 (ntp.ubuntu.com).
dhclient[1056]: DHCPREQUEST of 192.168.225.149 on ens33 to 192.168.225.254 port 67 (xid=0x1d6ed69f)
dhclient[1056]: DHCPACK of 192.168.225.149 from 192.168.225.254
dhclient[1056]: bound to 192.168.225.149 -- renewal in 889 seconds.
systemd-timesyncd[802]: Timed out waiting for reply from 91.189.89.199:123 (ntp.ubuntu.com).
CRON[18746]: (root) CMD (command -v debian-sa1 > /dev/null && debian-sa1 1 1)
CRON[18793]: (root) CMD (  [ -x /usr/lib/php/sessionclean ] && /usr/lib/php/sessionclean)
dhclient[1056]: DHCPREQUEST of 192.168.225.149 on ens33 to 192.168.225.254 port 67 (xid=0x1d6ed69f)
dhclient[1056]: DHCPACK of 192.168.225.149 from 192.168.225.254
dhclient[1056]: bound to 192.168.225.149 -- renewal in 748 seconds.
CRON[18913]: (root) CMD (command -v debian-sa1 > /dev/null && debian-sa1 1 1)
dhclient[1056]: DHCPREQUEST of 192.168.225.149 on ens33 to 192.168.225.254 port 67 (xid=0x1d6ed69f)
dhclient[1056]: DHCPACK of 192.168.225.149 from 192.168.225.254
dhclient[1056]: bound to 192.168.225.149 -- renewal in 841 seconds.
CRON[19039]: (root) CMD (command -v debian-sa1 > /dev/null && debian-sa1 1 1)
kernel: [43795.539977] device ens33 left promiscuous mode
systemd-timesyncd[802]: Timed out waiting for reply from 91.189.94.4:123 (ntp.ubuntu.com).
systemd-timesyncd[802]: Timed out waiting for reply from 91.189.89.198:123 (ntp.ubuntu.com).
systemd-timesyncd[802]: Timed out waiting for reply from 91.189.91.157:123 (ntp.ubuntu.com).
systemd-timesyncd[802]: Timed out waiting for reply from 91.189.89.199:123 (ntp.ubuntu.com).
CRON[19162]: (root) CMD (command -v debian-sa1 > /dev/null && debian-sa1 1 1)
dhclient[1056]: DHCPREQUEST of 192.168.225.149 on ens33 to 192.168.225.254 port 67 (xid=0x1d6ed69f)
dhclient[1056]: DHCPACK of 192.168.225.149 from 192.168.225.254
dhclient[1056]: bound to 192.168.225.149 -- renewal in 803 seconds.
CRON[19220]: (root) CMD (  [ -x /usr/lib/php/sessionclean ] && /usr/lib/php/sessionclean)
CRON[19329]: (root) CMD (command -v debian-sa1 > /dev/null && debian-sa1 1 1)
CRON[19354]: (root) CMD (   cd / && run-parts --report /etc/cron.hourly)
dhclient[1056]: DHCPREQUEST of 192.168.225.149 on ens33 to 192.168.225.254 port 67 (xid=0x1d6ed69f)
dhclient[1056]: DHCPACK of 192.168.225.149 from 192.168.225.254
dhclient[1056]: bound to 192.168.225.149 -- renewal in 684 seconds.
CRON[19457]: (root) CMD (command -v debian-sa1 > /dev/null && debian-sa1 1 1)
dhclient[1056]: DHCPREQUEST of 192.168.225.149 on ens33 to 192.168.225.254 port 67 (xid=0x1d6ed69f)
dhclient[1056]: DHCPACK of 192.168.225.149 from 192.168.225.254
dhclient[1056]: bound to 192.168.225.149 -- renewal in 848 seconds.
CRON[19582]: (root) CMD (command -v debian-sa1 > /dev/null && debian-sa1 1 1)
systemd-timesyncd[802]: Timed out waiting for reply from 91.189.91.157:123 (ntp.ubuntu.com).
systemd-timesyncd[802]: Timed out waiting for reply from 91.189.89.198:123 (ntp.ubuntu.com).
systemd-timesyncd[802]: Timed out waiting for reply from 91.189.89.199:123 (ntp.ubuntu.com).
systemd-timesyncd[802]: Timed out waiting for reply from 91.189.94.4:123 (ntp.ubuntu.com).
CRON[19630]: (root) CMD (  [ -x /usr/lib/php/sessionclean ] && /usr/lib/php/sessionclean)
CRON[19739]: (root) CMD (command -v debian-sa1 > /dev/null && debian-sa1 1 1)
dhclient[1056]: DHCPREQUEST of 192.168.225.149 on ens33 to 192.168.225.254 port 67 (xid=0x1d6ed69f)
dhclient[1056]: DHCPACK of 192.168.225.149 from 192.168.225.254
dhclient[1056]: bound to 192.168.225.149 -- renewal in 682 seconds.
CRON[19863]: (root) CMD (command -v debian-sa1 > /dev/null && debian-sa1 1 1)
dhclient[1056]: DHCPREQUEST of 192.168.225.149 on ens33 to 192.168.225.254 port 67 (xid=0x1d6ed69f)
dhclient[1056]: DHCPACK of 192.168.225.149 from 192.168.225.254
dhclient[1056]: bound to 192.168.225.149 -- renewal in 777 seconds.
rsyslogd: [origin software="rsyslogd" swVersion="8.16.0" x-pid="990" x-info="http://www.rsyslog.com"] start
rsyslogd-2222: command 'KLogPermitNonKernelFacility' is currently not permitted - did you already set it via a RainerScript command (v6+ config)? [v8.16.0 try http://www.rsyslog.com/e/2222 ]
rsyslogd: rsyslogd's groupid changed to 108
rsyslogd: rsyslogd's userid changed to 104
rsyslogd-2039: Could not open output pipe '/dev/xconsole':: No such file or directory [v8.16.0 try http://www.rsyslog.com/e/2039 ]
rsyslogd-2007: action 'action 10' suspended, next retry is Wed Jul 17 09:56:03 2019 [v8.16.0 try http://www.rsyslog.com/e/2007 ]
kernel: [    0.000000] Initializing cgroup subsys cpuset
kernel: [    0.000000] Initializing cgroup subsys cpu
kernel: [    0.000000] Initializing cgroup subsys cpuacct
kernel: [    0.000000] Linux version 4.4.0-154-generic (buildd@lgw01-amd64-049) (gcc version 5.4.0 20160609 (Ubuntu 5.4.0-6ubuntu1~16.04.10) ) #181-Ubuntu SMP Tue Jun 25 05:29:03 UTC 2019 (Ubuntu 4.4.0-154.181-generic 4.4.179)
kernel: [    0.000000] Command line: BOOT_IMAGE=/vmlinuz-4.4.0-154-generic root=/dev/mapper/sys-root ro
kernel: [    0.000000] KERNEL supported cpus:
kernel: [    0.000000]   Intel GenuineIntel
kernel: [    0.000000]   AMD AuthenticAMD
kernel: [    0.000000]   Centaur CentaurHauls
kernel: [    0.000000] Disabled fast string operations
kernel: [    0.000000] x86/fpu: xstate_offset[2]:  576, xstate_sizes[2]:  256
kernel: [    0.000000] x86/fpu: Supporting XSAVE feature 0x01: 'x87 floating point registers'
kernel: [    0.000000] x86/fpu: Supporting XSAVE feature 0x02: 'SSE registers'
kernel: [    0.000000] x86/fpu: Supporting XSAVE feature 0x04: 'AVX registers'
kernel: [    0.000000] x86/fpu: Enabled xstate features 0x7, context size is 832 bytes, using 'standard' format.
kernel: [    0.000000] e820: BIOS-provided physical RAM map:
kernel: [    0.000000] BIOS-e820: [mem 0x0000000000000000-0x000000000009e7ff] usable
kernel: [    0.000000] BIOS-e820: [mem 0x000000000009e800-0x000000000009ffff] reserved
kernel: [    0.000000] BIOS-e820: [mem 0x00000000000dc000-0x00000000000fffff] reserved
kernel: [    0.000000] BIOS-e820: [mem 0x0000000000100000-0x000000007fedffff] usable
kernel: [    0.000000] BIOS-e820: [mem 0x000000007fee0000-0x000000007fefefff] ACPI data
kernel: [    0.000000] BIOS-e820: [mem 0x000000007feff000-0x000000007fefffff] ACPI NVS
kernel: [    0.000000] BIOS-e820: [mem 0x000000007ff00000-0x000000007fffffff] usable
kernel: [    0.000000] BIOS-e820: [mem 0x00000000f0000000-0x00000000f7ffffff] reserved
kernel: [    0.000000] BIOS-e820: [mem 0x00000000fec00000-0x00000000fec0ffff] reserved
kernel: [    0.000000] BIOS-e820: [mem 0x00000000fee00000-0x00000000fee00fff] reserved
kernel: [    0.000000] BIOS-e820: [mem 0x00000000fffe0000-0x00000000ffffffff] reserved
kernel: [    0.000000] NX (Execute Disable) protection: active
kernel: [    0.000000] SMBIOS 2.7 present.
kernel: [    0.000000] DMI: VMware, Inc. VMware Virtual Platform/440BX Desktop Reference Platform, BIOS 6.00 07/02/2015
kernel: [    0.000000] Hypervisor detected: VMware
kernel: [    0.000000] e820: update [mem 0x00000000-0x00000fff] usable ==> reserved
kernel: [    0.000000] e820: remove [mem 0x000a0000-0x000fffff] usable
kernel: [    0.000000] e820: last_pfn = 0x80000 max_arch_pfn = 0x400000000
kernel: [    0.000000] MTRR default type: uncachable
kernel: [    0.000000] MTRR fixed ranges enabled:
kernel: [    0.000000]   00000-9FFFF write-back
kernel: [    0.000000]   A0000-BFFFF uncachable
kernel: [    0.000000]   C0000-CFFFF write-protect
kernel: [    0.000000]   D0000-EFFFF uncachable
kernel: [    0.000000]   F0000-FFFFF write-protect
kernel: [    0.000000] MTRR variable ranges enabled:
kernel: [    0.000000]   0 base 000C0000000 mask 3FFC0000000 uncachable
kernel: [    0.000000]   1 base 00000000000 mask 3FF00000000 write-back
kernel: [    0.000000]   2 disabled
kernel: [    0.000000]   3 disabled
kernel: [    0.000000]   4 disabled
kernel: [    0.000000]   5 disabled
kernel: [    0.000000]   6 disabled
kernel: [    0.000000]   7 disabled
kernel: [    0.000000] x86/PAT: Configuration [0-7]: WB  WC  UC- UC  WB  WC  UC- WT  
kernel: [    0.000000] original variable MTRRs
kernel: [    0.000000] reg 0, base: 3GB, range: 1GB, type UC
kernel: [    0.000000] reg 1, base: 0GB, range: 4GB, type WB
kernel: [    0.000000] total RAM covered: 3072M
kernel: [    0.000000] Found optimal setting for mtrr clean up
kernel: [    0.000000]  gran_size: 64K 	chunk_size: 64K 	num_reg: 2  	lose cover RAM: 0G
kernel: [    0.000000] New variable MTRRs
kernel: [    0.000000] reg 0, base: 0GB, range: 2GB, type WB
kernel: [    0.000000] reg 1, base: 2GB, range: 1GB, type WB
kernel: [    0.000000] found SMP MP-table at [mem 0x000f6a80-0x000f6a8f] mapped at [ffff8800000f6a80]
kernel: [    0.000000] Scanning 1 areas for low memory corruption
kernel: [    0.000000] Base memory trampoline at [ffff880000096000] 96000 size 28672
kernel: [    0.000000] Using GB pages for direct mapping
kernel: [    0.000000] BRK [0x0220f000, 0x0220ffff] PGTABLE
kernel: [    0.000000] BRK [0x02210000, 0x02210fff] PGTABLE
kernel: [    0.000000] BRK [0x02211000, 0x02211fff] PGTABLE
kernel: [    0.000000] BRK [0x02212000, 0x02212fff] PGTABLE
kernel: [    0.000000] BRK [0x02213000, 0x02213fff] PGTABLE
kernel: [    0.000000] RAMDISK: [mem 0x33250000-0x3591ffff]
kernel: [    0.000000] ACPI: Early table checksum verification disabled
kernel: [    0.000000] ACPI: RSDP 0x00000000000F6A10 000024 (v02 PTLTD )
kernel: [    0.000000] ACPI: XSDT 0x000000007FEEA65B 00005C (v01 INTEL  440BX    06040000 VMW  01324272)
kernel: [    0.000000] ACPI: FACP 0x000000007FEFEE73 0000F4 (v04 INTEL  440BX    06040000 PTL  000F4240)
kernel: [    0.000000] ACPI: DSDT 0x000000007FEEC749 01272A (v01 PTLTD  Custom   06040000 MSFT 03000001)
kernel: [    0.000000] ACPI: FACS 0x000000007FEFFFC0 000040
kernel: [    0.000000] ACPI: FACS 0x000000007FEFFFC0 000040
kernel: [    0.000000] ACPI: BOOT 0x000000007FEEC721 000028 (v01 PTLTD  $SBFTBL$ 06040000  LTP 00000001)
kernel: [    0.000000] ACPI: APIC 0x000000007FEEB8BD 000742 (v01 PTLTD  ? APIC   06040000  LTP 00000000)
kernel: [    0.000000] ACPI: MCFG 0x000000007FEEB881 00003C (v01 PTLTD  $PCITBL$ 06040000  LTP 00000001)
kernel: [    0.000000] ACPI: SRAT 0x000000007FEEA757 0008A8 (v02 VMWARE MEMPLUG  06040000 VMW  00000001)
kernel: [    0.000000] ACPI: HPET 0x000000007FEEA71F 000038 (v01 VMWARE VMW HPET 06040000 VMW  00000001)
kernel: [    0.000000] ACPI: WAET 0x000000007FEEA6F7 000028 (v01 VMWARE VMW WAET 06040000 VMW  00000001)
kernel: [    0.000000] ACPI: Local APIC address 0xfee00000
kernel: [    0.000000] system APIC only can use physical flat
kernel: [    0.000000] Setting APIC routing to physical flat.
kernel: [    0.000000] SRAT: PXM 0 -> APIC 0x00 -> Node 0
kernel: [    0.000000] SRAT: PXM 0 -> APIC 0x01 -> Node 0
kernel: [    0.000000] SRAT: PXM 0 -> APIC 0x02 -> Node 0
kernel: [    0.000000] SRAT: PXM 0 -> APIC 0x03 -> Node 0
kernel: [    0.000000] SRAT: PXM 0 -> APIC 0x04 -> Node 0
kernel: [    0.000000] SRAT: PXM 0 -> APIC 0x05 -> Node 0
kernel: [    0.000000] SRAT: PXM 0 -> APIC 0x06 -> Node 0
kernel: [    0.000000] SRAT: PXM 0 -> APIC 0x07 -> Node 0
kernel: [    0.000000] SRAT: PXM 0 -> APIC 0x08 -> Node 0
kernel: [    0.000000] SRAT: PXM 0 -> APIC 0x09 -> Node 0
kernel: [    0.000000] SRAT: PXM 0 -> APIC 0x0a -> Node 0
kernel: [    0.000000] SRAT: PXM 0 -> APIC 0x0b -> Node 0
kernel: [    0.000000] SRAT: PXM 0 -> APIC 0x0c -> Node 0
kernel: [    0.000000] SRAT: PXM 0 -> APIC 0x0d -> Node 0
kernel: [    0.000000] SRAT: PXM 0 -> APIC 0x0e -> Node 0
kernel: [    0.000000] SRAT: PXM 0 -> APIC 0x0f -> Node 0
kernel: [    0.000000] SRAT: PXM 0 -> APIC 0x10 -> Node 0
kernel: [    0.000000] SRAT: PXM 0 -> APIC 0x11 -> Node 0
kernel: [    0.000000] SRAT: PXM 0 -> APIC 0x12 -> Node 0
kernel: [    0.000000] SRAT: PXM 0 -> APIC 0x13 -> Node 0
kernel: [    0.000000] SRAT: PXM 0 -> APIC 0x14 -> Node 0
kernel: [    0.000000] SRAT: PXM 0 -> APIC 0x15 -> Node 0
kernel: [    0.000000] SRAT: PXM 0 -> APIC 0x16 -> Node 0
kernel: [    0.000000] SRAT: PXM 0 -> APIC 0x17 -> Node 0
kernel: [    0.000000] SRAT: PXM 0 -> APIC 0x18 -> Node 0
kernel: [    0.000000] SRAT: PXM 0 -> APIC 0x19 -> Node 0
kernel: [    0.000000] SRAT: PXM 0 -> APIC 0x1a -> Node 0
kernel: [    0.000000] SRAT: PXM 0 -> APIC 0x1b -> Node 0
kernel: [    0.000000] SRAT: PXM 0 -> APIC 0x1c -> Node 0
kernel: [    0.000000] SRAT: PXM 0 -> APIC 0x1d -> Node 0
kernel: [    0.000000] SRAT: PXM 0 -> APIC 0x1e -> Node 0
kernel: [    0.000000] SRAT: PXM 0 -> APIC 0x1f -> Node 0
kernel: [    0.000000] SRAT: PXM 0 -> APIC 0x20 -> Node 0
kernel: [    0.000000] SRAT: PXM 0 -> APIC 0x21 -> Node 0
kernel: [    0.000000] SRAT: PXM 0 -> APIC 0x22 -> Node 0
kernel: [    0.000000] SRAT: PXM 0 -> APIC 0x23 -> Node 0
kernel: [    0.000000] SRAT: PXM 0 -> APIC 0x24 -> Node 0
kernel: [    0.000000] SRAT: PXM 0 -> APIC 0x25 -> Node 0
kernel: [    0.000000] SRAT: PXM 0 -> APIC 0x26 -> Node 0
kernel: [    0.000000] SRAT: PXM 0 -> APIC 0x27 -> Node 0
kernel: [    0.000000] SRAT: PXM 0 -> APIC 0x28 -> Node 0
kernel: [    0.000000] SRAT: PXM 0 -> APIC 0x29 -> Node 0
kernel: [    0.000000] SRAT: PXM 0 -> APIC 0x2a -> Node 0
kernel: [    0.000000] SRAT: PXM 0 -> APIC 0x2b -> Node 0
kernel: [    0.000000] SRAT: PXM 0 -> APIC 0x2c -> Node 0
kernel: [    0.000000] SRAT: PXM 0 -> APIC 0x2d -> Node 0
kernel: [    0.000000] SRAT: PXM 0 -> APIC 0x2e -> Node 0
kernel: [    0.000000] SRAT: PXM 0 -> APIC 0x2f -> Node 0
kernel: [    0.000000] SRAT: PXM 0 -> APIC 0x30 -> Node 0
kernel: [    0.000000] SRAT: PXM 0 -> APIC 0x31 -> Node 0
kernel: [    0.000000] SRAT: PXM 0 -> APIC 0x32 -> Node 0
kernel: [    0.000000] SRAT: PXM 0 -> APIC 0x33 -> Node 0
kernel: [    0.000000] SRAT: PXM 0 -> APIC 0x34 -> Node 0
kernel: [    0.000000] SRAT: PXM 0 -> APIC 0x35 -> Node 0
kernel: [    0.000000] SRAT: PXM 0 -> APIC 0x36 -> Node 0
kernel: [    0.000000] SRAT: PXM 0 -> APIC 0x37 -> Node 0
kernel: [    0.000000] SRAT: PXM 0 -> APIC 0x38 -> Node 0
kernel: [    0.000000] SRAT: PXM 0 -> APIC 0x39 -> Node 0
kernel: [    0.000000] SRAT: PXM 0 -> APIC 0x3a -> Node 0
kernel: [    0.000000] SRAT: PXM 0 -> APIC 0x3b -> Node 0
kernel: [    0.000000] SRAT: PXM 0 -> APIC 0x3c -> Node 0
kernel: [    0.000000] SRAT: PXM 0 -> APIC 0x3d -> Node 0
kernel: [    0.000000] SRAT: PXM 0 -> APIC 0x3e -> Node 0
kernel: [    0.000000] SRAT: PXM 0 -> APIC 0x3f -> Node 0
kernel: [    0.000000] SRAT: PXM 0 -> APIC 0x40 -> Node 0
kernel: [    0.000000] SRAT: PXM 0 -> APIC 0x41 -> Node 0
kernel: [    0.000000] SRAT: PXM 0 -> APIC 0x42 -> Node 0
kernel: [    0.000000] SRAT: PXM 0 -> APIC 0x43 -> Node 0
kernel: [    0.000000] SRAT: PXM 0 -> APIC 0x44 -> Node 0
kernel: [    0.000000] SRAT: PXM 0 -> APIC 0x45 -> Node 0
kernel: [    0.000000] SRAT: PXM 0 -> APIC 0x46 -> Node 0
kernel: [    0.000000] SRAT: PXM 0 -> APIC 0x47 -> Node 0
kernel: [    0.000000] SRAT: PXM 0 -> APIC 0x48 -> Node 0
kernel: [    0.000000] SRAT: PXM 0 -> APIC 0x49 -> Node 0
kernel: [    0.000000] SRAT: PXM 0 -> APIC 0x4a -> Node 0
kernel: [    0.000000] SRAT: PXM 0 -> APIC 0x4b -> Node 0
kernel: [    0.000000] SRAT: PXM 0 -> APIC 0x4c -> Node 0
kernel: [    0.000000] SRAT: PXM 0 -> APIC 0x4d -> Node 0
kernel: [    0.000000] SRAT: PXM 0 -> APIC 0x4e -> Node 0
kernel: [    0.000000] SRAT: PXM 0 -> APIC 0x4f -> Node 0
kernel: [    0.000000] SRAT: PXM 0 -> APIC 0x50 -> Node 0
kernel: [    0.000000] SRAT: PXM 0 -> APIC 0x51 -> Node 0
kernel: [    0.000000] SRAT: PXM 0 -> APIC 0x52 -> Node 0
kernel: [    0.000000] SRAT: PXM 0 -> APIC 0x53 -> Node 0
kernel: [    0.000000] SRAT: PXM 0 -> APIC 0x54 -> Node 0
kernel: [    0.000000] SRAT: PXM 0 -> APIC 0x55 -> Node 0
kernel: [    0.000000] SRAT: PXM 0 -> APIC 0x56 -> Node 0
kernel: [    0.000000] SRAT: PXM 0 -> APIC 0x57 -> Node 0
kernel: [    0.000000] SRAT: PXM 0 -> APIC 0x58 -> Node 0
kernel: [    0.000000] SRAT: PXM 0 -> APIC 0x59 -> Node 0
kernel: [    0.000000] SRAT: PXM 0 -> APIC 0x5a -> Node 0
kernel: [    0.000000] SRAT: PXM 0 -> APIC 0x5b -> Node 0
kernel: [    0.000000] SRAT: PXM 0 -> APIC 0x5c -> Node 0
kernel: [    0.000000] SRAT: PXM 0 -> APIC 0x5d -> Node 0
kernel: [    0.000000] SRAT: PXM 0 -> APIC 0x5e -> Node 0
kernel: [    0.000000] SRAT: PXM 0 -> APIC 0x5f -> Node 0
kernel: [    0.000000] SRAT: PXM 0 -> APIC 0x60 -> Node 0
kernel: [    0.000000] SRAT: PXM 0 -> APIC 0x61 -> Node 0
kernel: [    0.000000] SRAT: PXM 0 -> APIC 0x62 -> Node 0
loadkeys[471]: Loading /etc/console-setup/cached.kmap.gz
systemd[1]: Starting Flush Journal to Persistent Storage...
systemd[1]: Started udev Coldplug all Devices.
systemd-modules-load[487]: Inserted module 'iscsi_tcp'
systemd[1]: Started Flush Journal to Persistent Storage.
systemd-modules-load[487]: Inserted module 'ib_iser'
systemd[1]: Started Load Kernel Modules.
lvm[483]:   1 logical volume(s) in volume group "sys" monitored
systemd[1]: Mounting FUSE Control File System...
systemd[1]: Starting Apply Kernel Variables...
systemd[1]: Mounted FUSE Control File System.
systemd[1]: Started Monitoring of LVM2 mirrors, snapshots etc. using dmeventd or progress polling.
systemd[1]: Started Create Static Device Nodes in /dev.
systemd[1]: Reached target Local File Systems (Pre).
systemd[1]: Starting udev Kernel Device Manager...
systemd[1]: Started Apply Kernel Variables.
systemd[1]: Started udev Kernel Device Manager.
systemd[1]: Started Dispatch Password Requests to Console Directory Watch.
systemd[1]: Listening on Load/Save RF Kill Switch Status /dev/rfkill Watch.
systemd[1]: Found device 82545EM Gigabit Ethernet Controller (Copper) (PRO/1000 MT Single Port Adapter).
systemd[1]: Found device VMware_Virtual_S boot.
systemd[1]: Starting File System Check on /dev/disk/by-uuid/8d7b944c-6bff-4701-8126-dfa45ba160f6...
systemd[1]: Started File System Check Daemon to report status.
systemd[1]: Found device /dev/mapper/sys-swap.
systemd-fsck[749]: boot: recovering journal
systemd[1]: Activating swap /dev/mapper/sys-swap...
systemd[1]: Reached target Sound Card.
systemd-fsck[749]: boot: clean, 308/61056 files, 43117/243968 blocks
kernel: [    0.000000] SRAT: PXM 0 -> APIC 0x63 -> Node 0
kernel: [    0.000000] SRAT: PXM 0 -> APIC 0x64 -> Node 0
kernel: [    0.000000] SRAT: PXM 0 -> APIC 0x65 -> Node 0
kernel: [    0.000000] SRAT: PXM 0 -> APIC 0x66 -> Node 0
kernel: [    0.000000] SRAT: PXM 0 -> APIC 0x67 -> Node 0
kernel: [    0.000000] SRAT: PXM 0 -> APIC 0x68 -> Node 0
systemd[1]: Started File System Check on /dev/disk/by-uuid/8d7b944c-6bff-4701-8126-dfa45ba160f6.
systemd[1]: Mounting /boot...
systemd[1]: Activated swap /dev/mapper/sys-swap.
systemd[1]: Reached target Swap.
systemd[1]: Mounted /boot.
systemd[1]: Reached target Local File Systems.
kernel: [    0.000000] SRAT: PXM 0 -> APIC 0x69 -> Node 0
kernel: [    0.000000] SRAT: PXM 0 -> APIC 0x6a -> Node 0
kernel: [    0.000000] SRAT: PXM 0 -> APIC 0x6b -> Node 0
kernel: [    0.000000] SRAT: PXM 0 -> APIC 0x6c -> Node 0
kernel: [    0.000000] SRAT: PXM 0 -> APIC 0x6d -> Node 0
systemd[1]: Starting LSB: AppArmor initialization...
systemd[1]: Starting Set console font and keymap...
systemd[1]: Starting Create Volatile Files and Directories...
systemd[1]: Starting Tell Plymouth To Write Out Runtime Data...
systemd-tmpfiles[784]: [/usr/lib/tmpfiles.d/var.conf:14] Duplicate line for path "/var/log", ignoring.
kernel: [    0.000000] SRAT: PXM 0 -> APIC 0x6e -> Node 0
kernel: [    0.000000] SRAT: PXM 0 -> APIC 0x6f -> Node 0
kernel: [    0.000000] SRAT: PXM 0 -> APIC 0x70 -> Node 0
kernel: [    0.000000] SRAT: PXM 0 -> APIC 0x71 -> Node 0
kernel: [    0.000000] SRAT: PXM 0 -> APIC 0x72 -> Node 0
kernel: [    0.000000] SRAT: PXM 0 -> APIC 0x73 -> Node 0
systemd[1]: Started Service for virtual machines hosted on VMware.
systemd[1]: Started Tell Plymouth To Write Out Runtime Data.
apparmor[781]:  * Starting AppArmor profiles
systemd[1]: Started Set console font and keymap.
systemd[1]: Created slice system-getty.slice.
systemd[1]: Started Create Volatile Files and Directories.
kernel: [    0.000000] SRAT: PXM 0 -> APIC 0x74 -> Node 0
kernel: [    0.000000] SRAT: PXM 0 -> APIC 0x75 -> Node 0
kernel: [    0.000000] SRAT: PXM 0 -> APIC 0x76 -> Node 0
kernel: [    0.000000] SRAT: PXM 0 -> APIC 0x77 -> Node 0
kernel: [    0.000000] SRAT: PXM 0 -> APIC 0x78 -> Node 0
kernel: [    0.000000] SRAT: PXM 0 -> APIC 0x79 -> Node 0
systemd[1]: Starting Network Time Synchronization...
systemd[1]: Starting Update UTMP about System Boot/Shutdown...
systemd[1]: Started Network Time Synchronization.
systemd[1]: Reached target System Time Synchronized.
systemd[1]: Started Update UTMP about System Boot/Shutdown.
apparmor[781]: Skipping profile in /etc/apparmor.d/disable: usr.sbin.rsyslogd
kernel: [    0.000000] SRAT: PXM 0 -> APIC 0x7a -> Node 0
kernel: [    0.000000] SRAT: PXM 0 -> APIC 0x7b -> Node 0
kernel: [    0.000000] SRAT: PXM 0 -> APIC 0x7c -> Node 0
kernel: [    0.000000] SRAT: PXM 0 -> APIC 0x7d -> Node 0
kernel: [    0.000000] SRAT: PXM 0 -> APIC 0x7e -> Node 0
kernel: [    0.000000] SRAT: PXM 0 -> APIC 0x7f -> Node 0
apparmor[781]:    ...done.
systemd[1]: Started LSB: AppArmor initialization.
systemd[1]: Starting Raise network interfaces...
systemd[1]: Reached target System Initialization.
systemd[1]: Started Daily apt download activities.
systemd[1]: Started ACPI Events Check.
kernel: [    0.000000] SRAT: Node 0 PXM 0 [mem 0x00000000-0x0009ffff]
kernel: [    0.000000] SRAT: Node 0 PXM 0 [mem 0x00100000-0x7fffffff]
kernel: [    0.000000] SRAT: Node 0 PXM 0 [mem 0x80000000-0xbfffffff] hotplug
kernel: [    0.000000] NUMA: Node 0 [mem 0x00000000-0x0009ffff] + [mem 0x00100000-0x7fffffff] -> [mem 0x00000000-0x7fffffff]
systemd[1]: Reached target Paths.
kernel: [    0.000000] NODE_DATA(0) allocated [mem 0x7fffb000-0x7fffffff]
kernel: [    0.000000] Zone ranges:
systemd[1]: Starting LXD - unix socket.
systemd[1]: Listening on D-Bus System Message Bus Socket.
systemd[1]: Started Daily Cleanup of Temporary Directories.
systemd[1]: Listening on ACPID Listen Socket.
kernel: [    0.000000]   DMA      [mem 0x0000000000001000-0x0000000000ffffff]
kernel: [    0.000000]   DMA32    [mem 0x0000000001000000-0x000000007fffffff]
kernel: [    0.000000]   Normal   empty
kernel: [    0.000000]   Device   empty
kernel: [    0.000000] Movable zone start for each node
systemd[1]: Starting Socket activation for snappy daemon.
systemd[1]: Starting Docker Socket for the API.
systemd[1]: Listening on UUID daemon activation socket.
systemd[1]: Started Daily apt upgrade and clean activities.
systemd[1]: Reached target Timers.
systemd[1]: Started ifup for ens33.
kernel: [    0.000000] Early memory node ranges
kernel: [    0.000000]   node   0: [mem 0x0000000000001000-0x000000000009dfff]
kernel: [    0.000000]   node   0: [mem 0x0000000000100000-0x000000007fedffff]
kernel: [    0.000000]   node   0: [mem 0x000000007ff00000-0x000000007fffffff]
kernel: [    0.000000] Initmem setup node 0 [mem 0x0000000000001000-0x000000007fffffff]
kernel: [    0.000000] On node 0 totalpages: 524157
systemd[1]: Listening on LXD - unix socket.
systemd[1]: Listening on Socket activation for snappy daemon.
systemd[1]: Listening on Docker Socket for the API.
systemd[1]: Reached target Sockets.
systemd[1]: Reached target Basic System.
systemd[1]: Started D-Bus System Message Bus.
kernel: [    0.000000]   DMA zone: 64 pages used for memmap
kernel: [    0.000000]   DMA zone: 22 pages reserved
kernel: [    0.000000]   DMA zone: 3997 pages, LIFO batch:0
kernel: [    0.000000]   DMA32 zone: 8128 pages used for memmap
dhclient[937]: Internet Systems Consortium DHCP Client 4.3.3
kernel: [    0.000000]   DMA32 zone: 520160 pages, LIFO batch:31
kernel: [    0.000000] ACPI: PM-Timer IO Port: 0x1008
sh[914]: Internet Systems Consortium DHCP Client 4.3.3
sh[914]: Copyright 2004-2015 Internet Systems Consortium.
sh[914]: All rights reserved.
sh[914]: For info, please visit https://www.isc.org/software/dhcp/
kernel: [    0.000000] ACPI: Local APIC address 0xfee00000
kernel: [    0.000000] system APIC only can use physical flat
kernel: [    0.000000] ACPI: LAPIC_NMI (acpi_id[0x00] high edge lint[0x1])
kernel: [    0.000000] ACPI: LAPIC_NMI (acpi_id[0x01] high edge lint[0x1])
kernel: [    0.000000] ACPI: LAPIC_NMI (acpi_id[0x02] high edge lint[0x1])
dhclient[937]: Copyright 2004-2015 Internet Systems Consortium.
kernel: [    0.000000] ACPI: LAPIC_NMI (acpi_id[0x03] high edge lint[0x1])
dhclient[937]: All rights reserved.
dhclient[937]: For info, please visit https://www.isc.org/software/dhcp/
dhclient[937]: 
dhclient[937]: Listening on LPF/ens33/00:0c:29:a1:7b:39
sh[914]: Listening on LPF/ens33/00:0c:29:a1:7b:39
sh[914]: Sending on   LPF/ens33/00:0c:29:a1:7b:39
sh[914]: Sending on   Socket/fallback
sh[914]: DHCPDISCOVER on ens33 to 255.255.255.255 port 67 interval 3 (xid=0x5cdd8544)
dhclient[937]: Sending on   LPF/ens33/00:0c:29:a1:7b:39
dhclient[937]: Sending on   Socket/fallback
dhclient[937]: DHCPDISCOVER on ens33 to 255.255.255.255 port 67 interval 3 (xid=0x5cdd8544)
dbus[929]: [system] AppArmor D-Bus mediation is enabled
systemd[1]: Starting Accounts Service...
systemd[1]: Started FUSE filesystem for LXC.
systemd[1]: Started ACPI event daemon.
systemd[1]: Started Deferred execution scheduler.
systemd[1]: Starting LSB: MD monitoring daemon...
systemd[1]: Started Regular background program processing daemon.
systemd[1]: Starting LSB: Record successful boot for GRUB...
lxcfs[972]: hierarchies:
lxcfs[972]:   0: fd:   5: cpuset
lxcfs[972]:   1: fd:   6: devices
lxcfs[972]:   2: fd:   7: blkio
lxcfs[972]:   3: fd:   8: hugetlb
lxcfs[972]:   4: fd:   9: freezer
lxcfs[972]:   5: fd:  10: perf_event
lxcfs[972]:   6: fd:  11: pids
lxcfs[972]:   7: fd:  12: memory
lxcfs[972]:   8: fd:  13: cpu,cpuacct
lxcfs[972]:   9: fd:  14: net_cls,net_prio
lxcfs[972]:  10: fd:  15: name=systemd
systemd[1]: Starting Snappy daemon...
systemd[1]: Starting System Logging Service...
systemd[1]: Starting LXD - container startup/shutdown...
systemd[1]: Starting Login Service...
systemd[1]: Started Authentication service for virtual machines hosted on VMware.
cron[983]: (CRON) INFO (pidfile fd = 3)
mdadm[980]:  * Starting MD monitoring service mdadm --monitor
mdadm[980]:    ...done.
systemd[1]: Started LSB: MD monitoring daemon.
ifup[921]: /sbin/ifup: waiting for lock on /run/network/ifstate.ens33
systemd[1]: Started LSB: Record successful boot for GRUB.
acpid: starting up with netlink and the input layer
systemd[1]: Started Login Service.
acpid: 1 rule loaded
acpid: waiting for events: event logging is off
VGAuthService[998]: ** Message: Pref_Init: Using '/etc/vmware-tools/vgauth.conf' as preferences filepath
VGAuthService[998]: ** Message: Core dump limit set to -1
VGAuthService[998]: ** Message: Cannot load message catalog for domain 'VGAuthService', language 'C', catalog dir '.'.
VGAuthService[998]: ** Message: INIT SERVICE
VGAuthService[998]: ** Message: Using '/var/lib/vmware/VGAuth/aliasStore' for alias store root directory
systemd[1]: Started System Logging Service.
kernel: [    0.000000] ACPI: LAPIC_NMI (acpi_id[0x04] high edge lint[0x1])
kernel: [    0.000000] ACPI: LAPIC_NMI (acpi_id[0x05] high edge lint[0x1])
kernel: [    0.000000] ACPI: LAPIC_NMI (acpi_id[0x06] high edge lint[0x1])
kernel: [    0.000000] ACPI: LAPIC_NMI (acpi_id[0x07] high edge lint[0x1])
kernel: [    0.000000] ACPI: LAPIC_NMI (acpi_id[0x08] high edge lint[0x1])
kernel: [    0.000000] ACPI: LAPIC_NMI (acpi_id[0x09] high edge lint[0x1])
kernel: [    0.000000] ACPI: LAPIC_NMI (acpi_id[0x0a] high edge lint[0x1])
kernel: [    0.000000] ACPI: LAPIC_NMI (acpi_id[0x0b] high edge lint[0x1])
kernel: [    0.000000] ACPI: LAPIC_NMI (acpi_id[0x0c] high edge lint[0x1])
kernel: [    0.000000] ACPI: LAPIC_NMI (acpi_id[0x0d] high edge lint[0x1])
kernel: [    0.000000] ACPI: LAPIC_NMI (acpi_id[0x0e] high edge lint[0x1])
kernel: [    0.000000] ACPI: LAPIC_NMI (acpi_id[0x0f] high edge lint[0x1])
kernel: [    0.000000] ACPI: LAPIC_NMI (acpi_id[0x10] high edge lint[0x1])
kernel: [    0.000000] ACPI: LAPIC_NMI (acpi_id[0x11] high edge lint[0x1])
kernel: [    0.000000] ACPI: LAPIC_NMI (acpi_id[0x12] high edge lint[0x1])
kernel: [    0.000000] ACPI: LAPIC_NMI (acpi_id[0x13] high edge lint[0x1])
kernel: [    0.000000] ACPI: LAPIC_NMI (acpi_id[0x14] high edge lint[0x1])
kernel: [    0.000000] ACPI: LAPIC_NMI (acpi_id[0x15] high edge lint[0x1])
kernel: [    0.000000] ACPI: LAPIC_NMI (acpi_id[0x16] high edge lint[0x1])
kernel: [    0.000000] ACPI: LAPIC_NMI (acpi_id[0x17] high edge lint[0x1])
kernel: [    0.000000] ACPI: LAPIC_NMI (acpi_id[0x18] high edge lint[0x1])
kernel: [    0.000000] ACPI: LAPIC_NMI (acpi_id[0x19] high edge lint[0x1])
kernel: [    0.000000] ACPI: LAPIC_NMI (acpi_id[0x1a] high edge lint[0x1])
kernel: [    0.000000] ACPI: LAPIC_NMI (acpi_id[0x1b] high edge lint[0x1])
kernel: [    0.000000] ACPI: LAPIC_NMI (acpi_id[0x1c] high edge lint[0x1])
kernel: [    0.000000] ACPI: LAPIC_NMI (acpi_id[0x1d] high edge lint[0x1])
kernel: [    0.000000] ACPI: LAPIC_NMI (acpi_id[0x1e] high edge lint[0x1])
kernel: [    0.000000] ACPI: LAPIC_NMI (acpi_id[0x1f] high edge lint[0x1])
kernel: [    0.000000] ACPI: LAPIC_NMI (acpi_id[0x20] high edge lint[0x1])
kernel: [    0.000000] ACPI: LAPIC_NMI (acpi_id[0x21] high edge lint[0x1])
kernel: [    0.000000] ACPI: LAPIC_NMI (acpi_id[0x22] high edge lint[0x1])
kernel: [    0.000000] ACPI: LAPIC_NMI (acpi_id[0x23] high edge lint[0x1])
kernel: [    0.000000] ACPI: LAPIC_NMI (acpi_id[0x24] high edge lint[0x1])
kernel: [    0.000000] ACPI: LAPIC_NMI (acpi_id[0x25] high edge lint[0x1])
kernel: [    0.000000] ACPI: LAPIC_NMI (acpi_id[0x26] high edge lint[0x1])
kernel: [    0.000000] ACPI: LAPIC_NMI (acpi_id[0x27] high edge lint[0x1])
kernel: [    0.000000] ACPI: LAPIC_NMI (acpi_id[0x28] high edge lint[0x1])
kernel: [    0.000000] ACPI: LAPIC_NMI (acpi_id[0x29] high edge lint[0x1])
kernel: [    0.000000] ACPI: LAPIC_NMI (acpi_id[0x2a] high edge lint[0x1])
kernel: [    0.000000] ACPI: LAPIC_NMI (acpi_id[0x2b] high edge lint[0x1])
kernel: [    0.000000] ACPI: LAPIC_NMI (acpi_id[0x2c] high edge lint[0x1])
kernel: [    0.000000] ACPI: LAPIC_NMI (acpi_id[0x2d] high edge lint[0x1])
kernel: [    0.000000] ACPI: LAPIC_NMI (acpi_id[0x2e] high edge lint[0x1])
kernel: [    0.000000] ACPI: LAPIC_NMI (acpi_id[0x2f] high edge lint[0x1])
kernel: [    0.000000] ACPI: LAPIC_NMI (acpi_id[0x30] high edge lint[0x1])
kernel: [    0.000000] ACPI: LAPIC_NMI (acpi_id[0x31] high edge lint[0x1])
kernel: [    0.000000] ACPI: LAPIC_NMI (acpi_id[0x32] high edge lint[0x1])
kernel: [    0.000000] ACPI: LAPIC_NMI (acpi_id[0x33] high edge lint[0x1])
kernel: [    0.000000] ACPI: LAPIC_NMI (acpi_id[0x34] high edge lint[0x1])
kernel: [    0.000000] ACPI: LAPIC_NMI (acpi_id[0x35] high edge lint[0x1])
kernel: [    0.000000] ACPI: LAPIC_NMI (acpi_id[0x36] high edge lint[0x1])
kernel: [    0.000000] ACPI: LAPIC_NMI (acpi_id[0x37] high edge lint[0x1])
kernel: [    0.000000] ACPI: LAPIC_NMI (acpi_id[0x38] high edge lint[0x1])
kernel: [    0.000000] ACPI: LAPIC_NMI (acpi_id[0x39] high edge lint[0x1])
kernel: [    0.000000] ACPI: LAPIC_NMI (acpi_id[0x3a] high edge lint[0x1])
kernel: [    0.000000] ACPI: LAPIC_NMI (acpi_id[0x3b] high edge lint[0x1])
kernel: [    0.000000] ACPI: LAPIC_NMI (acpi_id[0x3c] high edge lint[0x1])
kernel: [    0.000000] ACPI: LAPIC_NMI (acpi_id[0x3d] high edge lint[0x1])
kernel: [    0.000000] ACPI: LAPIC_NMI (acpi_id[0x3e] high edge lint[0x1])
kernel: [    0.000000] ACPI: LAPIC_NMI (acpi_id[0x3f] high edge lint[0x1])
kernel: [    0.000000] ACPI: LAPIC_NMI (acpi_id[0x40] high edge lint[0x1])
kernel: [    0.000000] ACPI: LAPIC_NMI (acpi_id[0x41] high edge lint[0x1])
kernel: [    0.000000] ACPI: LAPIC_NMI (acpi_id[0x42] high edge lint[0x1])
kernel: [    0.000000] ACPI: LAPIC_NMI (acpi_id[0x43] high edge lint[0x1])
kernel: [    0.000000] ACPI: LAPIC_NMI (acpi_id[0x44] high edge lint[0x1])
kernel: [    0.000000] ACPI: LAPIC_NMI (acpi_id[0x45] high edge lint[0x1])
kernel: [    0.000000] ACPI: LAPIC_NMI (acpi_id[0x46] high edge lint[0x1])
kernel: [    0.000000] ACPI: LAPIC_NMI (acpi_id[0x47] high edge lint[0x1])
kernel: [    0.000000] ACPI: LAPIC_NMI (acpi_id[0x48] high edge lint[0x1])
kernel: [    0.000000] ACPI: LAPIC_NMI (acpi_id[0x49] high edge lint[0x1])
kernel: [    0.000000] ACPI: LAPIC_NMI (acpi_id[0x4a] high edge lint[0x1])
kernel: [    0.000000] ACPI: LAPIC_NMI (acpi_id[0x4b] high edge lint[0x1])
kernel: [    0.000000] ACPI: LAPIC_NMI (acpi_id[0x4c] high edge lint[0x1])
kernel: [    0.000000] ACPI: LAPIC_NMI (acpi_id[0x4d] high edge lint[0x1])
kernel: [    0.000000] ACPI: LAPIC_NMI (acpi_id[0x4e] high edge lint[0x1])
kernel: [    0.000000] ACPI: LAPIC_NMI (acpi_id[0x4f] high edge lint[0x1])
kernel: [    0.000000] ACPI: LAPIC_NMI (acpi_id[0x50] high edge lint[0x1])
kernel: [    0.000000] ACPI: LAPIC_NMI (acpi_id[0x51] high edge lint[0x1])
kernel: [    0.000000] ACPI: LAPIC_NMI (acpi_id[0x52] high edge lint[0x1])
kernel: [    0.000000] ACPI: LAPIC_NMI (acpi_id[0x53] high edge lint[0x1])
kernel: [    0.000000] ACPI: LAPIC_NMI (acpi_id[0x54] high edge lint[0x1])
kernel: [    0.000000] ACPI: LAPIC_NMI (acpi_id[0x55] high edge lint[0x1])
kernel: [    0.000000] ACPI: LAPIC_NMI (acpi_id[0x56] high edge lint[0x1])
kernel: [    0.000000] ACPI: LAPIC_NMI (acpi_id[0x57] high edge lint[0x1])
kernel: [    0.000000] ACPI: LAPIC_NMI (acpi_id[0x58] high edge lint[0x1])
kernel: [    0.000000] ACPI: LAPIC_NMI (acpi_id[0x59] high edge lint[0x1])
kernel: [    0.000000] ACPI: LAPIC_NMI (acpi_id[0x5a] high edge lint[0x1])
kernel: [    0.000000] ACPI: LAPIC_NMI (acpi_id[0x5b] high edge lint[0x1])
kernel: [    0.000000] ACPI: LAPIC_NMI (acpi_id[0x5c] high edge lint[0x1])
kernel: [    0.000000] ACPI: LAPIC_NMI (acpi_id[0x5d] high edge lint[0x1])
kernel: [    0.000000] ACPI: LAPIC_NMI (acpi_id[0x5e] high edge lint[0x1])
kernel: [    0.000000] ACPI: LAPIC_NMI (acpi_id[0x5f] high edge lint[0x1])
kernel: [    0.000000] ACPI: LAPIC_NMI (acpi_id[0x60] high edge lint[0x1])
kernel: [    0.000000] ACPI: LAPIC_NMI (acpi_id[0x61] high edge lint[0x1])
kernel: [    0.000000] ACPI: LAPIC_NMI (acpi_id[0x62] high edge lint[0x1])
kernel: [    0.000000] ACPI: LAPIC_NMI (acpi_id[0x63] high edge lint[0x1])
kernel: [    0.000000] ACPI: LAPIC_NMI (acpi_id[0x64] high edge lint[0x1])
kernel: [    0.000000] ACPI: LAPIC_NMI (acpi_id[0x65] high edge lint[0x1])
kernel: [    0.000000] ACPI: LAPIC_NMI (acpi_id[0x66] high edge lint[0x1])
kernel: [    0.000000] ACPI: LAPIC_NMI (acpi_id[0x67] high edge lint[0x1])
kernel: [    0.000000] ACPI: LAPIC_NMI (acpi_id[0x68] high edge lint[0x1])
kernel: [    0.000000] ACPI: LAPIC_NMI (acpi_id[0x69] high edge lint[0x1])
kernel: [    0.000000] ACPI: LAPIC_NMI (acpi_id[0x6a] high edge lint[0x1])
kernel: [    0.000000] ACPI: LAPIC_NMI (acpi_id[0x6b] high edge lint[0x1])
kernel: [    0.000000] ACPI: LAPIC_NMI (acpi_id[0x6c] high edge lint[0x1])
kernel: [    0.000000] ACPI: LAPIC_NMI (acpi_id[0x6d] high edge lint[0x1])
kernel: [    0.000000] ACPI: LAPIC_NMI (acpi_id[0x6e] high edge lint[0x1])
kernel: [    0.000000] ACPI: LAPIC_NMI (acpi_id[0x6f] high edge lint[0x1])
kernel: [    0.000000] ACPI: LAPIC_NMI (acpi_id[0x70] high edge lint[0x1])
kernel: [    0.000000] ACPI: LAPIC_NMI (acpi_id[0x71] high edge lint[0x1])
kernel: [    0.000000] ACPI: LAPIC_NMI (acpi_id[0x72] high edge lint[0x1])
kernel: [    0.000000] ACPI: LAPIC_NMI (acpi_id[0x73] high edge lint[0x1])
kernel: [    0.000000] ACPI: LAPIC_NMI (acpi_id[0x74] high edge lint[0x1])
kernel: [    0.000000] ACPI: LAPIC_NMI (acpi_id[0x75] high edge lint[0x1])
kernel: [    0.000000] ACPI: LAPIC_NMI (acpi_id[0x76] high edge lint[0x1])
kernel: [    0.000000] ACPI: LAPIC_NMI (acpi_id[0x77] high edge lint[0x1])
kernel: [    0.000000] ACPI: LAPIC_NMI (acpi_id[0x78] high edge lint[0x1])
kernel: [    0.000000] ACPI: LAPIC_NMI (acpi_id[0x79] high edge lint[0x1])
kernel: [    0.000000] ACPI: LAPIC_NMI (acpi_id[0x7a] high edge lint[0x1])
kernel: [    0.000000] ACPI: LAPIC_NMI (acpi_id[0x7b] high edge lint[0x1])
kernel: [    0.000000] ACPI: LAPIC_NMI (acpi_id[0x7c] high edge lint[0x1])
kernel: [    0.000000] ACPI: LAPIC_NMI (acpi_id[0x7d] high edge lint[0x1])
kernel: [    0.000000] ACPI: LAPIC_NMI (acpi_id[0x7e] high edge lint[0x1])
kernel: [    0.000000] ACPI: LAPIC_NMI (acpi_id[0x7f] high edge lint[0x1])
kernel: [    0.000000] IOAPIC[0]: apic_id 128, version 17, address 0xfec00000, GSI 0-23
kernel: [    0.000000] ACPI: INT_SRC_OVR (bus 0 bus_irq 0 global_irq 2 high edge)
kernel: [    0.000000] ACPI: IRQ0 used by override.
kernel: [    0.000000] ACPI: IRQ9 used by override.
kernel: [    0.000000] Using ACPI (MADT) for SMP configuration information
kernel: [    0.000000] ACPI: HPET id: 0x8086af01 base: 0xfed00000
kernel: [    0.000000] smpboot: Allowing 128 CPUs, 126 hotplug CPUs
kernel: [    0.000000] PM: Registered nosave memory: [mem 0x00000000-0x00000fff]
kernel: [    0.000000] PM: Registered nosave memory: [mem 0x0009e000-0x0009efff]
kernel: [    0.000000] PM: Registered nosave memory: [mem 0x0009f000-0x0009ffff]
kernel: [    0.000000] PM: Registered nosave memory: [mem 0x000a0000-0x000dbfff]
kernel: [    0.000000] PM: Registered nosave memory: [mem 0x000dc000-0x000fffff]
kernel: [    0.000000] PM: Registered nosave memory: [mem 0x7fee0000-0x7fefefff]
kernel: [    0.000000] PM: Registered nosave memory: [mem 0x7feff000-0x7fefffff]
kernel: [    0.000000] e820: [mem 0x80000000-0xefffffff] available for PCI devices
kernel: [    0.000000] Booting paravirtualized kernel on bare hardware
kernel: [    0.000000] clocksource: refined-jiffies: mask: 0xffffffff max_cycles: 0xffffffff, max_idle_ns: 7645519600211568 ns
kernel: [    0.000000] setup_percpu: NR_CPUS:512 nr_cpumask_bits:512 nr_cpu_ids:128 nr_node_ids:1
kernel: [    0.000000] PERCPU: Embedded 34 pages/cpu @ffff88007b600000 s99480 r8192 d31592 u262144
kernel: [    0.000000] pcpu-alloc: s99480 r8192 d31592 u262144 alloc=1*2097152
kernel: [    0.000000] pcpu-alloc: [0] 000 001 002 003 004 005 006 007 
kernel: [    0.000000] pcpu-alloc: [0] 008 009 010 011 012 013 014 015 
kernel: [    0.000000] pcpu-alloc: [0] 016 017 018 019 020 021 022 023 
kernel: [    0.000000] pcpu-alloc: [0] 024 025 026 027 028 029 030 031 
kernel: [    0.000000] pcpu-alloc: [0] 032 033 034 035 036 037 038 039 
kernel: [    0.000000] pcpu-alloc: [0] 040 041 042 043 044 045 046 047 
kernel: [    0.000000] pcpu-alloc: [0] 048 049 050 051 052 053 054 055 
kernel: [    0.000000] pcpu-alloc: [0] 056 057 058 059 060 061 062 063 
kernel: [    0.000000] pcpu-alloc: [0] 064 065 066 067 068 069 070 071 
kernel: [    0.000000] pcpu-alloc: [0] 072 073 074 075 076 077 078 079 
kernel: [    0.000000] pcpu-alloc: [0] 080 081 082 083 084 085 086 087 
kernel: [    0.000000] pcpu-alloc: [0] 088 089 090 091 092 093 094 095 
kernel: [    0.000000] pcpu-alloc: [0] 096 097 098 099 100 101 102 103 
kernel: [    0.000000] pcpu-alloc: [0] 104 105 106 107 108 109 110 111 
kernel: [    0.000000] pcpu-alloc: [0] 112 113 114 115 116 117 118 119 
kernel: [    0.000000] pcpu-alloc: [0] 120 121 122 123 124 125 126 127 
kernel: [    0.000000] Built 1 zonelists in Node order, mobility grouping on.  Total pages: 515943
kernel: [    0.000000] Policy zone: DMA32
kernel: [    0.000000] Kernel command line: BOOT_IMAGE=/vmlinuz-4.4.0-154-generic root=/dev/mapper/sys-root ro
kernel: [    0.000000] log_buf_len individual max cpu contribution: 4096 bytes
kernel: [    0.000000] log_buf_len total cpu_extra contributions: 520192 bytes
kernel: [    0.000000] log_buf_len min size: 262144 bytes
kernel: [    0.000000] log_buf_len: 1048576 bytes
kernel: [    0.000000] early log buf free: 236800(90%)
kernel: [    0.000000] PID hash table entries: 4096 (order: 3, 32768 bytes)
kernel: [    0.000000] Calgary: detecting Calgary via BIOS EBDA area
kernel: [    0.000000] Calgary: Unable to locate Rio Grande table in EBDA - bailing!
kernel: [    0.000000] Memory: 1986812K/2096628K available (8613K kernel code, 1335K rwdata, 4028K rodata, 1484K init, 1284K bss, 109816K reserved, 0K cma-reserved)
kernel: [    0.000000] SLUB: HWalign=64, Order=0-3, MinObjects=0, CPUs=128, Nodes=1
kernel: [    0.000000] Kernel/User page tables isolation: enabled
kernel: [    0.000000] Hierarchical RCU implementation.
kernel: [    0.000000] 	Build-time adjustment of leaf fanout to 64.
kernel: [    0.000000] 	RCU restricting CPUs from NR_CPUS=512 to nr_cpu_ids=128.
kernel: [    0.000000] RCU: Adjusting geometry for rcu_fanout_leaf=64, nr_cpu_ids=128
kernel: [    0.000000] NR_IRQS:33024 nr_irqs:1448 16
kernel: [    0.000000] Console: colour VGA+ 80x25
kernel: [    0.000000] console [tty0] enabled
kernel: [    0.000000] clocksource: hpet: mask: 0xffffffff max_cycles: 0xffffffff, max_idle_ns: 133484882848 ns
kernel: [    0.000000] hpet clockevent registered
kernel: [    0.000000] TSC freq read from hypervisor : 2501.000 MHz
kernel: [    0.000000] tsc: Detected 2501.000 MHz processor
kernel: [    0.000179] Calibrating delay loop (skipped) preset value.. 5002.00 BogoMIPS (lpj=10004000)
kernel: [    0.000386] pid_max: default: 131072 minimum: 1024
kernel: [    0.000695] ACPI: Core revision 20150930
kernel: [    0.013294] ACPI: 1 ACPI AML tables successfully acquired and loaded
kernel: [    0.013498] Security Framework initialized
kernel: [    0.013573] Yama: becoming mindful.
kernel: [    0.015591] AppArmor: AppArmor initialized
kernel: [    0.015951] Dentry cache hash table entries: 262144 (order: 9, 2097152 bytes)
kernel: [    0.030258] Inode-cache hash table entries: 131072 (order: 8, 1048576 bytes)
kernel: [    0.037123] Mount-cache hash table entries: 4096 (order: 3, 32768 bytes)
kernel: [    0.037223] Mountpoint-cache hash table entries: 4096 (order: 3, 32768 bytes)
kernel: [    0.039427] Initializing cgroup subsys io
kernel: [    0.039507] Initializing cgroup subsys memory
kernel: [    0.039594] Initializing cgroup subsys devices
kernel: [    0.039670] Initializing cgroup subsys freezer
kernel: [    0.039746] Initializing cgroup subsys net_cls
kernel: [    0.039820] Initializing cgroup subsys perf_event
kernel: [    0.039899] Initializing cgroup subsys net_prio
kernel: [    0.040163] Initializing cgroup subsys hugetlb
kernel: [    0.040239] Initializing cgroup subsys pids
kernel: [    0.040443] Disabled fast string operations
kernel: [    0.040564] ENERGY_PERF_BIAS: Set to 'normal', was 'performance'
kernel: [    0.040663] ENERGY_PERF_BIAS: View and update with x86_energy_perf_policy(8)
kernel: [    0.041679] mce: CPU supports 0 MCE banks
kernel: [    0.041773] Last level iTLB entries: 4KB 1024, 2MB 1024, 4MB 1024
kernel: [    0.041857] Last level dTLB entries: 4KB 1024, 2MB 1024, 4MB 1024, 1GB 4
kernel: [    0.041945] Spectre V2 : Mitigation: Full generic retpoline
kernel: [    0.042026] Spectre V2 : Spectre v2 / SpectreRSB mitigation: Filling RSB on context switch
kernel: [    0.042157] Spectre V2 : Spectre v2 mitigation: Enabling Indirect Branch Prediction Barrier
kernel: [    0.042289] Spectre V2 : Enabling Restricted Speculation for firmware calls
kernel: [    0.042502] Speculative Store Bypass: Vulnerable
kernel: [    0.042672] MDS: Vulnerable: Clear CPU buffers attempted, no microcode
kernel: [    0.044395] Freeing SMP alternatives memory: 36K
kernel: [    0.052797] ftrace: allocating 32299 entries in 127 pages
kernel: [    0.096929] smpboot: APIC(0) Converting physical 0 to logical package 0
kernel: [    0.097028] smpboot: Max logical packages: 64
kernel: [    0.098087] x2apic enabled
kernel: [    0.099060] Switched APIC routing to physical x2apic.
kernel: [    0.101501] ..TIMER: vector=0x30 apic1=0 pin1=2 apic2=-1 pin2=-1
kernel: [    0.141802] TSC deadline timer enabled
kernel: [    0.141865] smpboot: CPU0: Intel(R) Core(TM) i5-4300U CPU @ 1.90GHz (family: 0x6, model: 0x45, stepping: 0x1)
kernel: [    0.142941] Performance Events: 16-deep LBR, Haswell events, core PMU driver.
kernel: [    0.143649] core: CPUID marked event: 'cpu cycles' unavailable
kernel: [    0.144389] core: CPUID marked event: 'instructions' unavailable
kernel: [    0.144962] core: CPUID marked event: 'bus cycles' unavailable
kernel: [    0.146073] core: CPUID marked event: 'cache references' unavailable
kernel: [    0.146936] core: CPUID marked event: 'cache misses' unavailable
kernel: [    0.147488] core: CPUID marked event: 'branch instructions' unavailable
kernel: [    0.148045] core: CPUID marked event: 'branch misses' unavailable
kernel: [    0.148797] ... version:                1
kernel: [    0.149385] ... bit width:              48
kernel: [    0.149883] ... generic registers:      4
kernel: [    0.150362] ... value mask:             0000ffffffffffff
kernel: [    0.150813] ... max period:             000000007fffffff
kernel: [    0.151403] ... fixed-purpose events:   0
kernel: [    0.151823] ... event mask:             000000000000000f
kernel: [    0.158528] NMI watchdog: disabled (cpu0): hardware events not enabled
kernel: [    0.159916] NMI watchdog: Shutting down hard lockup detector on all cpus
kernel: [    0.181064] x86: Booting SMP configuration:
kernel: [    0.181540] .... node  #0, CPUs:          #1
kernel: [    0.183616] Disabled fast string operations
kernel: [    0.184567] mce: CPU supports 0 MCE banks
kernel: [    0.184806] x86: Booted up 1 node, 2 CPUs
kernel: [    0.185373] smpboot: Total of 2 processors activated (10004.00 BogoMIPS)
kernel: [    0.188611] devtmpfs: initialized
kernel: [    0.193001] evm: security.selinux
kernel: [    0.193412] evm: security.SMACK64
kernel: [    0.193567] evm: security.SMACK64EXEC
kernel: [    0.193679] evm: security.SMACK64TRANSMUTE
kernel: [    0.193822] evm: security.SMACK64MMAP
kernel: [    0.193933] evm: security.ima
kernel: [    0.194064] evm: security.capability
kernel: [    0.195254] PM: Registering ACPI NVS region [mem 0x7feff000-0x7fefffff] (4096 bytes)
kernel: [    0.196186] clocksource: jiffies: mask: 0xffffffff max_cycles: 0xffffffff, max_idle_ns: 7645041785100000 ns
kernel: [    0.196600] futex hash table entries: 32768 (order: 9, 2097152 bytes)
kernel: [    0.211097] pinctrl core: initialized pinctrl subsystem
kernel: [    0.212757] RTC time: 13:55:11, date: 07/17/19
kernel: [    0.213952] NET: Registered protocol family 16
kernel: [    0.227220] cpuidle: using governor ladder
kernel: [    0.242024] cpuidle: using governor menu
kernel: [    0.242219] PCCT header not found.
kernel: [    0.242433] Simple Boot Flag at 0x36 set to 0x80
kernel: [    0.242707] ACPI: bus type PCI registered
kernel: [    0.242882] acpiphp: ACPI Hot Plug PCI Controller Driver version: 0.5
kernel: [    0.243735] PCI: MMCONFIG for domain 0000 [bus 00-7f] at [mem 0xf0000000-0xf7ffffff] (base 0xf0000000)
kernel: [    0.244060] PCI: MMCONFIG at [mem 0xf0000000-0xf7ffffff] reserved in E820
kernel: [    0.244297] PCI: Using configuration type 1 for base access
kernel: [    0.244735] core: PMU erratum BJ122, BV98, HSD29 workaround disabled, HT off
kernel: [    0.267442] ACPI: Added _OSI(Module Device)
kernel: [    0.267633] ACPI: Added _OSI(Processor Device)
kernel: [    0.267813] ACPI: Added _OSI(3.0 _SCP Extensions)
kernel: [    0.268112] ACPI: Added _OSI(Processor Aggregator Device)
kernel: [    0.278837] [Firmware Bug]: ACPI: BIOS _OSI(Linux) query ignored
kernel: [    0.294122] ACPI: Interpreter enabled
kernel: [    0.294258] ACPI: (supports S0 S1 S4 S5)
kernel: [    0.294377] ACPI: Using IOAPIC for interrupt routing
kernel: [    0.294711] PCI: Using host bridge windows from ACPI; if necessary, use "pci=nocrs" and report a bug
kernel: [    0.393197] ACPI: PCI Root Bridge [PCI0] (domain 0000 [bus 00-7f])
kernel: [    0.393347] acpi PNP0A03:00: _OSC: OS supports [ExtendedConfig ASPM ClockPM Segments MSI]
kernel: [    0.394019] acpi PNP0A03:00: _OSC: platform does not support [AER]
kernel: [    0.394575] acpi PNP0A03:00: _OSC: OS now controls [PCIeHotplug PME PCIeCapability]
kernel: [    0.398095] PCI host bridge to bus 0000:00
kernel: [    0.398258] pci_bus 0000:00: root bus resource [mem 0x000a0000-0x000bffff window]
kernel: [    0.398511] pci_bus 0000:00: root bus resource [mem 0x000d0000-0x000d3fff window]
kernel: [    0.398919] pci_bus 0000:00: root bus resource [mem 0x000d4000-0x000d7fff window]
kernel: [    0.399293] pci_bus 0000:00: root bus resource [mem 0x000d8000-0x000dbfff window]
kernel: [    0.399523] pci_bus 0000:00: root bus resource [mem 0xc0000000-0xfebfffff window]
kernel: [    0.399866] pci_bus 0000:00: root bus resource [io  0x0000-0x0cf7 window]
kernel: [    0.400021] pci_bus 0000:00: root bus resource [io  0x0d00-0xfeff window]
kernel: [    0.400160] pci_bus 0000:00: root bus resource [bus 00-7f]
kernel: [    0.400410] pci 0000:00:00.0: [8086:7190] type 00 class 0x060000
kernel: [    0.401568] pci 0000:00:01.0: [8086:7191] type 01 class 0x060400
kernel: [    0.402424] pci 0000:00:07.0: [8086:7110] type 00 class 0x060100
kernel: [    0.403432] pci 0000:00:07.1: [8086:7111] type 00 class 0x01018a
kernel: [    0.407186] pci 0000:00:07.1: reg 0x20: [io  0x1060-0x106f]
kernel: [    0.408238] pci 0000:00:07.1: legacy IDE quirk: reg 0x10: [io  0x01f0-0x01f7]
kernel: [    0.408390] pci 0000:00:07.1: legacy IDE quirk: reg 0x14: [io  0x03f6]
kernel: [    0.408526] pci 0000:00:07.1: legacy IDE quirk: reg 0x18: [io  0x0170-0x0177]
kernel: [    0.408699] pci 0000:00:07.1: legacy IDE quirk: reg 0x1c: [io  0x0376]
kernel: [    0.409176] pci 0000:00:07.3: [8086:7113] type 00 class 0x068000
kernel: [    0.412806] pci 0000:00:07.3: quirk: [io  0x1000-0x103f] claimed by PIIX4 ACPI
kernel: [    0.413051] pci 0000:00:07.3: quirk: [io  0x1040-0x104f] claimed by PIIX4 SMB
kernel: [    0.413564] pci 0000:00:07.7: [15ad:0740] type 00 class 0x088000
kernel: [    0.414886] pci 0000:00:07.7: reg 0x10: [io  0x1080-0x10bf]
kernel: [    0.415845] pci 0000:00:07.7: reg 0x14: [mem 0xfebfe000-0xfebfffff 64bit]
kernel: [    0.420469] pci 0000:00:0f.0: [15ad:0405] type 00 class 0x030000
kernel: [    0.423439] pci 0000:00:0f.0: reg 0x10: [io  0x1070-0x107f]
kernel: [    0.426296] pci 0000:00:0f.0: reg 0x14: [mem 0xe8000000-0xefffffff pref]
kernel: [    0.429739] pci 0000:00:0f.0: reg 0x18: [mem 0xfe000000-0xfe7fffff]
kernel: [    0.444347] pci 0000:00:0f.0: reg 0x30: [mem 0x00000000-0x00007fff pref]
kernel: [    0.445460] pci 0000:00:10.0: [1000:0030] type 00 class 0x010000
kernel: [    0.447135] pci 0000:00:10.0: reg 0x10: [io  0x1400-0x14ff]
kernel: [    0.448480] pci 0000:00:10.0: reg 0x14: [mem 0xfeba0000-0xfebbffff 64bit]
kernel: [    0.449878] pci 0000:00:10.0: reg 0x1c: [mem 0xfebc0000-0xfebdffff 64bit]
kernel: [    0.452321] pci 0000:00:10.0: reg 0x30: [mem 0x00000000-0x00003fff pref]
kernel: [    0.452944] pci 0000:00:11.0: [15ad:0790] type 01 class 0x060401
kernel: [    0.453767] pci 0000:00:11.0: System wakeup disabled by ACPI
kernel: [    0.454341] pci 0000:00:15.0: [15ad:07a0] type 01 class 0x060400
kernel: [    0.455325] pci 0000:00:15.0: PME# supported from D0 D3hot D3cold
kernel: [    0.455624] pci 0000:00:15.0: System wakeup disabled by ACPI
kernel: [    0.456013] pci 0000:00:15.1: [15ad:07a0] type 01 class 0x060400
kernel: [    0.456894] pci 0000:00:15.1: PME# supported from D0 D3hot D3cold
kernel: [    0.457092] pci 0000:00:15.1: System wakeup disabled by ACPI
kernel: [    0.457414] pci 0000:00:15.2: [15ad:07a0] type 01 class 0x060400
kernel: [    0.458331] pci 0000:00:15.2: PME# supported from D0 D3hot D3cold
kernel: [    0.458572] pci 0000:00:15.2: System wakeup disabled by ACPI
kernel: [    0.458864] pci 0000:00:15.3: [15ad:07a0] type 01 class 0x060400
kernel: [    0.459804] pci 0000:00:15.3: PME# supported from D0 D3hot D3cold
kernel: [    0.460033] pci 0000:00:15.3: System wakeup disabled by ACPI
kernel: [    0.460399] pci 0000:00:15.4: [15ad:07a0] type 01 class 0x060400
kernel: [    0.461885] pci 0000:00:15.4: PME# supported from D0 D3hot D3cold
kernel: [    0.462374] pci 0000:00:15.4: System wakeup disabled by ACPI
kernel: [    0.462871] pci 0000:00:15.5: [15ad:07a0] type 01 class 0x060400
kernel: [    0.463788] pci 0000:00:15.5: PME# supported from D0 D3hot D3cold
kernel: [    0.463991] pci 0000:00:15.5: System wakeup disabled by ACPI
kernel: [    0.464269] pci 0000:00:15.6: [15ad:07a0] type 01 class 0x060400
kernel: [    0.465129] pci 0000:00:15.6: PME# supported from D0 D3hot D3cold
kernel: [    0.465322] pci 0000:00:15.6: System wakeup disabled by ACPI
kernel: [    0.465755] pci 0000:00:15.7: [15ad:07a0] type 01 class 0x060400
kernel: [    0.466632] pci 0000:00:15.7: PME# supported from D0 D3hot D3cold
kernel: [    0.466828] pci 0000:00:15.7: System wakeup disabled by ACPI
kernel: [    0.467361] pci 0000:00:16.0: [15ad:07a0] type 01 class 0x060400
kernel: [    0.468270] pci 0000:00:16.0: PME# supported from D0 D3hot D3cold
kernel: [    0.468466] pci 0000:00:16.0: System wakeup disabled by ACPI
kernel: [    0.468806] pci 0000:00:16.1: [15ad:07a0] type 01 class 0x060400
kernel: [    0.469757] pci 0000:00:16.1: PME# supported from D0 D3hot D3cold
kernel: [    0.469983] pci 0000:00:16.1: System wakeup disabled by ACPI
kernel: [    0.470349] pci 0000:00:16.2: [15ad:07a0] type 01 class 0x060400
kernel: [    0.471279] pci 0000:00:16.2: PME# supported from D0 D3hot D3cold
kernel: [    0.471477] pci 0000:00:16.2: System wakeup disabled by ACPI
kernel: [    0.471911] pci 0000:00:16.3: [15ad:07a0] type 01 class 0x060400
kernel: [    0.472825] pci 0000:00:16.3: PME# supported from D0 D3hot D3cold
kernel: [    0.473023] pci 0000:00:16.3: System wakeup disabled by ACPI
kernel: [    0.473298] pci 0000:00:16.4: [15ad:07a0] type 01 class 0x060400
kernel: [    0.474138] pci 0000:00:16.4: PME# supported from D0 D3hot D3cold
kernel: [    0.474331] pci 0000:00:16.4: System wakeup disabled by ACPI
kernel: [    0.474746] pci 0000:00:16.5: [15ad:07a0] type 01 class 0x060400
kernel: [    0.475716] pci 0000:00:16.5: PME# supported from D0 D3hot D3cold
kernel: [    0.476009] pci 0000:00:16.5: System wakeup disabled by ACPI
kernel: [    0.476926] pci 0000:00:16.6: [15ad:07a0] type 01 class 0x060400
kernel: [    0.478290] pci 0000:00:16.6: PME# supported from D0 D3hot D3cold
kernel: [    0.478804] pci 0000:00:16.6: System wakeup disabled by ACPI
kernel: [    0.479105] pci 0000:00:16.7: [15ad:07a0] type 01 class 0x060400
kernel: [    0.479962] pci 0000:00:16.7: PME# supported from D0 D3hot D3cold
kernel: [    0.480157] pci 0000:00:16.7: System wakeup disabled by ACPI
kernel: [    0.480859] pci 0000:00:17.0: [15ad:07a0] type 01 class 0x060400
kernel: [    0.481728] pci 0000:00:17.0: PME# supported from D0 D3hot D3cold
kernel: [    0.481927] pci 0000:00:17.0: System wakeup disabled by ACPI
kernel: [    0.482261] pci 0000:00:17.1: [15ad:07a0] type 01 class 0x060400
kernel: [    0.483173] pci 0000:00:17.1: PME# supported from D0 D3hot D3cold
kernel: [    0.483369] pci 0000:00:17.1: System wakeup disabled by ACPI
kernel: [    0.483695] pci 0000:00:17.2: [15ad:07a0] type 01 class 0x060400
kernel: [    0.484571] pci 0000:00:17.2: PME# supported from D0 D3hot D3cold
kernel: [    0.484837] pci 0000:00:17.2: System wakeup disabled by ACPI
kernel: [    0.485172] pci 0000:00:17.3: [15ad:07a0] type 01 class 0x060400
kernel: [    0.486051] pci 0000:00:17.3: PME# supported from D0 D3hot D3cold
kernel: [    0.486271] pci 0000:00:17.3: System wakeup disabled by ACPI
kernel: [    0.486716] pci 0000:00:17.4: [15ad:07a0] type 01 class 0x060400
kernel: [    0.487624] pci 0000:00:17.4: PME# supported from D0 D3hot D3cold
kernel: [    0.487846] pci 0000:00:17.4: System wakeup disabled by ACPI
kernel: [    0.488123] pci 0000:00:17.5: [15ad:07a0] type 01 class 0x060400
kernel: [    0.489056] pci 0000:00:17.5: PME# supported from D0 D3hot D3cold
kernel: [    0.489274] pci 0000:00:17.5: System wakeup disabled by ACPI
kernel: [    0.489653] pci 0000:00:17.6: [15ad:07a0] type 01 class 0x060400
kernel: [    0.490737] pci 0000:00:17.6: PME# supported from D0 D3hot D3cold
kernel: [    0.490962] pci 0000:00:17.6: System wakeup disabled by ACPI
kernel: [    0.491415] pci 0000:00:17.7: [15ad:07a0] type 01 class 0x060400
kernel: [    0.492408] pci 0000:00:17.7: PME# supported from D0 D3hot D3cold
kernel: [    0.492715] pci 0000:00:17.7: System wakeup disabled by ACPI
kernel: [    0.493196] pci 0000:00:18.0: [15ad:07a0] type 01 class 0x060400
kernel: [    0.494557] pci 0000:00:18.0: PME# supported from D0 D3hot D3cold
kernel: [    0.495212] pci 0000:00:18.0: System wakeup disabled by ACPI
kernel: [    0.495729] pci 0000:00:18.1: [15ad:07a0] type 01 class 0x060400
kernel: [    0.496604] pci 0000:00:18.1: PME# supported from D0 D3hot D3cold
kernel: [    0.496807] pci 0000:00:18.1: System wakeup disabled by ACPI
kernel: [    0.497150] pci 0000:00:18.2: [15ad:07a0] type 01 class 0x060400
kernel: [    0.498090] pci 0000:00:18.2: PME# supported from D0 D3hot D3cold
kernel: [    0.498291] pci 0000:00:18.2: System wakeup disabled by ACPI
kernel: [    0.498607] pci 0000:00:18.3: [15ad:07a0] type 01 class 0x060400
kernel: [    0.499426] pci 0000:00:18.3: PME# supported from D0 D3hot D3cold
kernel: [    0.499784] pci 0000:00:18.3: System wakeup disabled by ACPI
kernel: [    0.500113] pci 0000:00:18.4: [15ad:07a0] type 01 class 0x060400
kernel: [    0.501209] pci 0000:00:18.4: PME# supported from D0 D3hot D3cold
kernel: [    0.501410] pci 0000:00:18.4: System wakeup disabled by ACPI
kernel: [    0.501888] pci 0000:00:18.5: [15ad:07a0] type 01 class 0x060400
kernel: [    0.502855] pci 0000:00:18.5: PME# supported from D0 D3hot D3cold
kernel: [    0.503057] pci 0000:00:18.5: System wakeup disabled by ACPI
kernel: [    0.503370] pci 0000:00:18.6: [15ad:07a0] type 01 class 0x060400
kernel: [    0.504308] pci 0000:00:18.6: PME# supported from D0 D3hot D3cold
kernel: [    0.504880] pci 0000:00:18.6: System wakeup disabled by ACPI
kernel: [    0.505335] pci 0000:00:18.7: [15ad:07a0] type 01 class 0x060400
kernel: [    0.506215] pci 0000:00:18.7: PME# supported from D0 D3hot D3cold
kernel: [    0.506527] pci 0000:00:18.7: System wakeup disabled by ACPI
kernel: [    0.507576] pci 0000:00:01.0: PCI bridge to [bus 01]
kernel: [    0.508310] acpiphp: Slot [32] registered
kernel: [    0.508603] acpiphp: Slot [33] registered
kernel: [    0.508785] acpiphp: Slot [34] registered
kernel: [    0.508970] acpiphp: Slot [35] registered
kernel: [    0.509161] acpiphp: Slot [36] registered
kernel: [    0.509333] acpiphp: Slot [37] registered
kernel: [    0.509553] acpiphp: Slot [38] registered
kernel: [    0.509780] acpiphp: Slot [39] registered
kernel: [    0.509957] acpiphp: Slot [40] registered
kernel: [    0.510116] acpiphp: Slot [41] registered
kernel: [    0.510275] acpiphp: Slot [42] registered
kernel: [    0.513045] acpiphp: Slot [43] registered
kernel: [    0.513224] acpiphp: Slot [44] registered
kernel: [    0.513385] acpiphp: Slot [45] registered
kernel: [    0.513703] acpiphp: Slot [46] registered
kernel: [    0.513864] acpiphp: Slot [47] registered
kernel: [    0.514022] acpiphp: Slot [48] registered
kernel: [    0.514181] acpiphp: Slot [49] registered
kernel: [    0.514340] acpiphp: Slot [50] registered
kernel: [    0.514537] acpiphp: Slot [51] registered
kernel: [    0.514696] acpiphp: Slot [52] registered
kernel: [    0.514928] acpiphp: Slot [53] registered
kernel: [    0.515089] acpiphp: Slot [54] registered
kernel: [    0.515248] acpiphp: Slot [55] registered
kernel: [    0.515459] acpiphp: Slot [56] registered
kernel: [    0.515620] acpiphp: Slot [57] registered
kernel: [    0.515779] acpiphp: Slot [58] registered
kernel: [    0.515938] acpiphp: Slot [59] registered
kernel: [    0.516097] acpiphp: Slot [60] registered
kernel: [    0.516280] acpiphp: Slot [61] registered
kernel: [    0.516573] acpiphp: Slot [62] registered
kernel: [    0.516758] acpiphp: Slot [63] registered
kernel: [    0.516966] pci 0000:02:00.0: [15ad:0774] type 00 class 0x0c0300
kernel: [    0.519715] pci 0000:02:00.0: reg 0x20: [io  0x2080-0x209f]
kernel: [    0.521255] pci 0000:02:00.0: System wakeup disabled by ACPI
kernel: [    0.521813] pci 0000:02:01.0: [8086:100f] type 00 class 0x020000
kernel: [    0.523950] pci 0000:02:01.0: reg 0x10: [mem 0xfd5c0000-0xfd5dffff 64bit]
kernel: [    0.525897] pci 0000:02:01.0: reg 0x18: [mem 0xfdff0000-0xfdffffff 64bit]
kernel: [    0.528230] pci 0000:02:01.0: reg 0x20: [io  0x2000-0x203f]
kernel: [    0.532015] pci 0000:02:01.0: reg 0x30: [mem 0x00000000-0x0000ffff pref]
kernel: [    0.532622] pci 0000:02:01.0: System wakeup disabled by ACPI
kernel: [    0.533177] pci 0000:02:02.0: [1274:1371] type 00 class 0x040100
kernel: [    0.534109] pci 0000:02:02.0: reg 0x10: [io  0x2040-0x207f]
kernel: [    0.538631] pci 0000:02:02.0: System wakeup disabled by ACPI
kernel: [    0.539061] pci 0000:02:03.0: [15ad:0770] type 00 class 0x0c0320
kernel: [    0.540279] pci 0000:02:03.0: reg 0x10: [mem 0xfd5ef000-0xfd5effff]
kernel: [    0.546950] pci 0000:02:03.0: System wakeup disabled by ACPI
kernel: [    0.547553] pci 0000:02:05.0: [15ad:07e0] type 00 class 0x010601
kernel: [    0.552288] pci 0000:02:05.0: reg 0x24: [mem 0xfd5ee000-0xfd5eefff]
kernel: [    0.553000] pci 0000:02:05.0: reg 0x30: [mem 0x00000000-0x0000ffff pref]
kernel: [    0.553423] pci 0000:02:05.0: PME# supported from D3hot
kernel: [    0.553632] pci 0000:02:05.0: System wakeup disabled by ACPI
kernel: [    0.554247] pci 0000:00:11.0: PCI bridge to [bus 02] (subtractive decode)
kernel: [    0.554505] pci 0000:00:11.0:   bridge window [io  0x2000-0x3fff]
kernel: [    0.554536] pci 0000:00:11.0:   bridge window [mem 0xfd500000-0xfdffffff]
kernel: [    0.554591] pci 0000:00:11.0:   bridge window [mem 0xe7b00000-0xe7ffffff 64bit pref]
kernel: [    0.554594] pci 0000:00:11.0:   bridge window [mem 0x000a0000-0x000bffff window] (subtractive decode)
kernel: [    0.554596] pci 0000:00:11.0:   bridge window [mem 0x000d0000-0x000d3fff window] (subtractive decode)
kernel: [    0.554597] pci 0000:00:11.0:   bridge window [mem 0x000d4000-0x000d7fff window] (subtractive decode)
kernel: [    0.554599] pci 0000:00:11.0:   bridge window [mem 0x000d8000-0x000dbfff window] (subtractive decode)
kernel: [    0.554601] pci 0000:00:11.0:   bridge window [mem 0xc0000000-0xfebfffff window] (subtractive decode)
kernel: [    0.554603] pci 0000:00:11.0:   bridge window [io  0x0000-0x0cf7 window] (subtractive decode)
kernel: [    0.554605] pci 0000:00:11.0:   bridge window [io  0x0d00-0xfeff window] (subtractive decode)
kernel: [    0.555154] pci 0000:00:15.0: PCI bridge to [bus 03]
kernel: [    0.555337] pci 0000:00:15.0:   bridge window [io  0x4000-0x4fff]
kernel: [    0.555379] pci 0000:00:15.0:   bridge window [mem 0xfd400000-0xfd4fffff]
kernel: [    0.555434] pci 0000:00:15.0:   bridge window [mem 0xe7a00000-0xe7afffff 64bit pref]
kernel: [    0.555888] pci 0000:00:15.1: PCI bridge to [bus 04]
kernel: [    0.556052] pci 0000:00:15.1:   bridge window [io  0x8000-0x8fff]
kernel: [    0.556081] pci 0000:00:15.1:   bridge window [mem 0xfd000000-0xfd0fffff]
kernel: [    0.556135] pci 0000:00:15.1:   bridge window [mem 0xe7600000-0xe76fffff 64bit pref]
kernel: [    0.556835] pci 0000:00:15.2: PCI bridge to [bus 05]
kernel: [    0.557000] pci 0000:00:15.2:   bridge window [io  0xc000-0xcfff]
kernel: [    0.557029] pci 0000:00:15.2:   bridge window [mem 0xfcc00000-0xfccfffff]
kernel: [    0.557084] pci 0000:00:15.2:   bridge window [mem 0xe7200000-0xe72fffff 64bit pref]
kernel: [    0.557536] pci 0000:00:15.3: PCI bridge to [bus 06]
kernel: [    0.557725] pci 0000:00:15.3:   bridge window [mem 0xfc800000-0xfc8fffff]
kernel: [    0.557779] pci 0000:00:15.3:   bridge window [mem 0xe6e00000-0xe6efffff 64bit pref]
kernel: [    0.558214] pci 0000:00:15.4: PCI bridge to [bus 07]
kernel: [    0.558466] pci 0000:00:15.4:   bridge window [mem 0xfc400000-0xfc4fffff]
kernel: [    0.558522] pci 0000:00:15.4:   bridge window [mem 0xe6a00000-0xe6afffff 64bit pref]
kernel: [    0.559042] pci 0000:00:15.5: PCI bridge to [bus 08]
kernel: [    0.559232] pci 0000:00:15.5:   bridge window [mem 0xfc000000-0xfc0fffff]
kernel: [    0.559287] pci 0000:00:15.5:   bridge window [mem 0xe6600000-0xe66fffff 64bit pref]
kernel: [    0.559783] pci 0000:00:15.6: PCI bridge to [bus 09]
kernel: [    0.559973] pci 0000:00:15.6:   bridge window [mem 0xfbc00000-0xfbcfffff]
kernel: [    0.560028] pci 0000:00:15.6:   bridge window [mem 0xe6200000-0xe62fffff 64bit pref]
kernel: [    0.560720] pci 0000:00:15.7: PCI bridge to [bus 0a]
kernel: [    0.561001] pci 0000:00:15.7:   bridge window [mem 0xfb800000-0xfb8fffff]
kernel: [    0.561092] pci 0000:00:15.7:   bridge window [mem 0xe5e00000-0xe5efffff 64bit pref]
kernel: [    0.562141] pci 0000:00:16.0: PCI bridge to [bus 0b]
kernel: [    0.562394] pci 0000:00:16.0:   bridge window [io  0x5000-0x5fff]
kernel: [    0.562434] pci 0000:00:16.0:   bridge window [mem 0xfd300000-0xfd3fffff]
kernel: [    0.562507] pci 0000:00:16.0:   bridge window [mem 0xe7900000-0xe79fffff 64bit pref]
kernel: [    0.563353] pci 0000:00:16.1: PCI bridge to [bus 0c]
kernel: [    0.563544] pci 0000:00:16.1:   bridge window [io  0x9000-0x9fff]
kernel: [    0.563573] pci 0000:00:16.1:   bridge window [mem 0xfcf00000-0xfcffffff]
kernel: [    0.563627] pci 0000:00:16.1:   bridge window [mem 0xe7500000-0xe75fffff 64bit pref]
kernel: [    0.564089] pci 0000:00:16.2: PCI bridge to [bus 0d]
kernel: [    0.564253] pci 0000:00:16.2:   bridge window [io  0xd000-0xdfff]
kernel: [    0.564282] pci 0000:00:16.2:   bridge window [mem 0xfcb00000-0xfcbfffff]
kernel: [    0.564372] pci 0000:00:16.2:   bridge window [mem 0xe7100000-0xe71fffff 64bit pref]
kernel: [    0.565176] pci 0000:00:16.3: PCI bridge to [bus 0e]
kernel: [    0.565416] pci 0000:00:16.3:   bridge window [mem 0xfc700000-0xfc7fffff]
kernel: [    0.565481] pci 0000:00:16.3:   bridge window [mem 0xe6d00000-0xe6dfffff 64bit pref]
kernel: [    0.566001] pci 0000:00:16.4: PCI bridge to [bus 0f]
kernel: [    0.566233] pci 0000:00:16.4:   bridge window [mem 0xfc300000-0xfc3fffff]
kernel: [    0.566296] pci 0000:00:16.4:   bridge window [mem 0xe6900000-0xe69fffff 64bit pref]
kernel: [    0.566944] pci 0000:00:16.5: PCI bridge to [bus 10]
kernel: [    0.567135] pci 0000:00:16.5:   bridge window [mem 0xfbf00000-0xfbffffff]
kernel: [    0.567189] pci 0000:00:16.5:   bridge window [mem 0xe6500000-0xe65fffff 64bit pref]
kernel: [    0.567725] pci 0000:00:16.6: PCI bridge to [bus 11]
kernel: [    0.567916] pci 0000:00:16.6:   bridge window [mem 0xfbb00000-0xfbbfffff]
kernel: [    0.567970] pci 0000:00:16.6:   bridge window [mem 0xe6100000-0xe61fffff 64bit pref]
kernel: [    0.568486] pci 0000:00:16.7: PCI bridge to [bus 12]
kernel: [    0.568677] pci 0000:00:16.7:   bridge window [mem 0xfb700000-0xfb7fffff]
kernel: [    0.568731] pci 0000:00:16.7:   bridge window [mem 0xe5d00000-0xe5dfffff 64bit pref]
kernel: [    0.569169] pci 0000:00:17.0: PCI bridge to [bus 13]
kernel: [    0.569372] pci 0000:00:17.0:   bridge window [io  0x6000-0x6fff]
kernel: [    0.569431] pci 0000:00:17.0:   bridge window [mem 0xfd200000-0xfd2fffff]
kernel: [    0.569510] pci 0000:00:17.0:   bridge window [mem 0xe7800000-0xe78fffff 64bit pref]
kernel: [    0.570090] pci 0000:00:17.1: PCI bridge to [bus 14]
kernel: [    0.570303] pci 0000:00:17.1:   bridge window [io  0xa000-0xafff]
kernel: [    0.570363] pci 0000:00:17.1:   bridge window [mem 0xfce00000-0xfcefffff]
kernel: [    0.570422] pci 0000:00:17.1:   bridge window [mem 0xe7400000-0xe74fffff 64bit pref]
kernel: [    0.570866] pci 0000:00:17.2: PCI bridge to [bus 15]
kernel: [    0.571041] pci 0000:00:17.2:   bridge window [io  0xe000-0xefff]
kernel: [    0.571070] pci 0000:00:17.2:   bridge window [mem 0xfca00000-0xfcafffff]
kernel: [    0.571124] pci 0000:00:17.2:   bridge window [mem 0xe7000000-0xe70fffff 64bit pref]
kernel: [    0.571583] pci 0000:00:17.3: PCI bridge to [bus 16]
kernel: [    0.571772] pci 0000:00:17.3:   bridge window [mem 0xfc600000-0xfc6fffff]
kernel: [    0.571826] pci 0000:00:17.3:   bridge window [mem 0xe6c00000-0xe6cfffff 64bit pref]
kernel: [    0.572429] pci 0000:00:17.4: PCI bridge to [bus 17]
kernel: [    0.572684] pci 0000:00:17.4:   bridge window [mem 0xfc200000-0xfc2fffff]
kernel: [    0.572748] pci 0000:00:17.4:   bridge window [mem 0xe6800000-0xe68fffff 64bit pref]
kernel: [    0.573269] pci 0000:00:17.5: PCI bridge to [bus 18]
kernel: [    0.573538] pci 0000:00:17.5:   bridge window [mem 0xfbe00000-0xfbefffff]
kernel: [    0.573601] pci 0000:00:17.5:   bridge window [mem 0xe6400000-0xe64fffff 64bit pref]
kernel: [    0.574116] pci 0000:00:17.6: PCI bridge to [bus 19]
kernel: [    0.574400] pci 0000:00:17.6:   bridge window [mem 0xfba00000-0xfbafffff]
kernel: [    0.574492] pci 0000:00:17.6:   bridge window [mem 0xe6000000-0xe60fffff 64bit pref]
kernel: [    0.575152] pci 0000:00:17.7: PCI bridge to [bus 1a]
kernel: [    0.575428] pci 0000:00:17.7:   bridge window [mem 0xfb600000-0xfb6fffff]
kernel: [    0.575499] pci 0000:00:17.7:   bridge window [mem 0xe5c00000-0xe5cfffff 64bit pref]
kernel: [    0.576087] pci 0000:00:18.0: PCI bridge to [bus 1b]
kernel: [    0.576347] pci 0000:00:18.0:   bridge window [io  0x7000-0x7fff]
kernel: [    0.576387] pci 0000:00:18.0:   bridge window [mem 0xfd100000-0xfd1fffff]
kernel: [    0.576467] pci 0000:00:18.0:   bridge window [mem 0xe7700000-0xe77fffff 64bit pref]
kernel: [    0.577264] pci 0000:00:18.1: PCI bridge to [bus 1c]
kernel: [    0.577764] pci 0000:00:18.1:   bridge window [io  0xb000-0xbfff]
kernel: [    0.577803] pci 0000:00:18.1:   bridge window [mem 0xfcd00000-0xfcdfffff]
kernel: [    0.577871] pci 0000:00:18.1:   bridge window [mem 0xe7300000-0xe73fffff 64bit pref]
kernel: [    0.578811] pci 0000:00:18.2: PCI bridge to [bus 1d]
kernel: [    0.579005] pci 0000:00:18.2:   bridge window [mem 0xfc900000-0xfc9fffff]
kernel: [    0.579059] pci 0000:00:18.2:   bridge window [mem 0xe6f00000-0xe6ffffff 64bit pref]
kernel: [    0.579844] pci 0000:00:18.3: PCI bridge to [bus 1e]
kernel: [    0.580035] pci 0000:00:18.3:   bridge window [mem 0xfc500000-0xfc5fffff]
kernel: [    0.580090] pci 0000:00:18.3:   bridge window [mem 0xe6b00000-0xe6bfffff 64bit pref]
kernel: [    0.580609] pci 0000:00:18.4: PCI bridge to [bus 1f]
kernel: [    0.580799] pci 0000:00:18.4:   bridge window [mem 0xfc100000-0xfc1fffff]
kernel: [    0.580853] pci 0000:00:18.4:   bridge window [mem 0xe6700000-0xe67fffff 64bit pref]
kernel: [    0.581365] pci 0000:00:18.5: PCI bridge to [bus 20]
kernel: [    0.581556] pci 0000:00:18.5:   bridge window [mem 0xfbd00000-0xfbdfffff]
kernel: [    0.581610] pci 0000:00:18.5:   bridge window [mem 0xe6300000-0xe63fffff 64bit pref]
kernel: [    0.582048] pci 0000:00:18.6: PCI bridge to [bus 21]
kernel: [    0.582237] pci 0000:00:18.6:   bridge window [mem 0xfb900000-0xfb9fffff]
kernel: [    0.582326] pci 0000:00:18.6:   bridge window [mem 0xe5f00000-0xe5ffffff 64bit pref]
kernel: [    0.582841] pci 0000:00:18.7: PCI bridge to [bus 22]
kernel: [    0.583032] pci 0000:00:18.7:   bridge window [mem 0xfb500000-0xfb5fffff]
kernel: [    0.583086] pci 0000:00:18.7:   bridge window [mem 0xe5b00000-0xe5bfffff 64bit pref]
kernel: [    0.587348] ACPI: PCI Interrupt Link [LNKA] (IRQs 3 4 5 6 7 *9 10 11 14 15)
kernel: [    0.587904] ACPI: PCI Interrupt Link [LNKB] (IRQs 3 4 5 6 7 9 10 *11 14 15)
kernel: [    0.588558] ACPI: PCI Interrupt Link [LNKC] (IRQs 3 4 5 6 7 9 *10 11 14 15)
kernel: [    0.589263] ACPI: PCI Interrupt Link [LNKD] (IRQs 3 4 5 6 *7 9 10 11 14 15)
kernel: [    0.607499] ACPI: Enabled 2 GPEs in block 00 to 0F
kernel: [    0.608500] vgaarb: setting as boot device: PCI:0000:00:0f.0
kernel: [    0.608653] vgaarb: device added: PCI:0000:00:0f.0,decodes=io+mem,owns=io+mem,locks=none
kernel: [    0.608901] vgaarb: loaded
kernel: [    0.609016] vgaarb: bridge control possible 0000:00:0f.0
kernel: [    0.609851] SCSI subsystem initialized
kernel: [    0.610466] libata version 3.00 loaded.
kernel: [    0.610723] ACPI: bus type USB registered
kernel: [    0.611074] usbcore: registered new interface driver usbfs
kernel: [    0.611479] usbcore: registered new interface driver hub
kernel: [    0.611765] usbcore: registered new device driver usb
kernel: [    0.613007] PCI: Using ACPI for IRQ routing
kernel: [    0.657750] PCI: pci_cache_line_size set to 64 bytes
kernel: [    0.659018] e820: reserve RAM buffer [mem 0x0009e800-0x0009ffff]
kernel: [    0.659022] e820: reserve RAM buffer [mem 0x7fee0000-0x7fffffff]
kernel: [    0.659570] NetLabel: Initializing
kernel: [    0.659688] NetLabel:  domain hash size = 128
kernel: [    0.659805] NetLabel:  protocols = UNLABELED CIPSOv4
kernel: [    0.659936] NetLabel:  unlabeled traffic allowed by default
kernel: [    0.660684] hpet0: at MMIO 0xfed00000, IRQs 2, 8, 0, 0, 0, 0, 0, 0, 0, 0, 0, 0, 0, 0, 0, 0
kernel: [    0.661432] hpet0: 16 comparators, 64-bit 14.318180 MHz counter
kernel: [    0.664836] amd_nb: Cannot enumerate AMD northbridges
kernel: [    0.665169] clocksource: Switched to clocksource hpet
kernel: [    0.722674] AppArmor: AppArmor Filesystem Enabled
kernel: [    0.722950] pnp: PnP ACPI init
kernel: [    0.723486] system 00:00: [io  0x1000-0x103f] has been reserved
kernel: [    0.723635] system 00:00: [io  0x1040-0x104f] has been reserved
kernel: [    0.723828] system 00:00: [io  0x0cf0-0x0cf1] has been reserved
kernel: [    0.724043] system 00:00: Plug and Play ACPI device, IDs PNP0c02 (active)
kernel: [    0.724082] pnp 00:01: Plug and Play ACPI device, IDs PNP0b00 (active)
kernel: [    0.724179] pnp 00:02: Plug and Play ACPI device, IDs PNP0303 (active)
kernel: [    0.724208] pnp 00:03: Plug and Play ACPI device, IDs VMW0003 PNP0f13 (active)
kernel: [    0.724784] system 00:04: [mem 0xfed00000-0xfed003ff] has been reserved
kernel: [    0.724952] system 00:04: Plug and Play ACPI device, IDs PNP0103 PNP0c01 (active)
kernel: [    0.726869] pnp 00:05: Plug and Play ACPI device, IDs PNP0501 (active)
kernel: [    0.727389] system 00:06: [io  0xfce0-0xfcff] has been reserved
kernel: [    0.727540] system 00:06: [mem 0xf0000000-0xf7ffffff] has been reserved
kernel: [    0.727692] system 00:06: [mem 0xfe800000-0xfe9fffff] has been reserved
kernel: [    0.727845] system 00:06: Plug and Play ACPI device, IDs PNP0c02 (active)
kernel: [    0.734286] pnp: PnP ACPI: found 7 devices
kernel: [    0.750619] clocksource: acpi_pm: mask: 0xffffff max_cycles: 0xffffff, max_idle_ns: 2085701024 ns
kernel: [    0.751308] pci 0000:00:15.3: bridge window [io  0x1000-0x0fff] to [bus 06] add_size 1000
kernel: [    0.751382] pci 0000:00:15.4: bridge window [io  0x1000-0x0fff] to [bus 07] add_size 1000
kernel: [    0.751456] pci 0000:00:15.5: bridge window [io  0x1000-0x0fff] to [bus 08] add_size 1000
kernel: [    0.751530] pci 0000:00:15.6: bridge window [io  0x1000-0x0fff] to [bus 09] add_size 1000
kernel: [    0.751602] pci 0000:00:15.7: bridge window [io  0x1000-0x0fff] to [bus 0a] add_size 1000
kernel: [    0.751889] pci 0000:00:16.3: bridge window [io  0x1000-0x0fff] to [bus 0e] add_size 1000
kernel: [    0.751994] pci 0000:00:16.4: bridge window [io  0x1000-0x0fff] to [bus 0f] add_size 1000
kernel: [    0.752105] pci 0000:00:16.5: bridge window [io  0x1000-0x0fff] to [bus 10] add_size 1000
kernel: [    0.752281] pci 0000:00:16.6: bridge window [io  0x1000-0x0fff] to [bus 11] add_size 1000
kernel: [    0.752356] pci 0000:00:16.7: bridge window [io  0x1000-0x0fff] to [bus 12] add_size 1000
kernel: [    0.752641] pci 0000:00:17.3: bridge window [io  0x1000-0x0fff] to [bus 16] add_size 1000
kernel: [    0.752715] pci 0000:00:17.4: bridge window [io  0x1000-0x0fff] to [bus 17] add_size 1000
kernel: [    0.752788] pci 0000:00:17.5: bridge window [io  0x1000-0x0fff] to [bus 18] add_size 1000
kernel: [    0.752861] pci 0000:00:17.6: bridge window [io  0x1000-0x0fff] to [bus 19] add_size 1000
kernel: [    0.752963] pci 0000:00:17.7: bridge window [io  0x1000-0x0fff] to [bus 1a] add_size 1000
kernel: [    0.753216] pci 0000:00:18.2: bridge window [io  0x1000-0x0fff] to [bus 1d] add_size 1000
kernel: [    0.753290] pci 0000:00:18.3: bridge window [io  0x1000-0x0fff] to [bus 1e] add_size 1000
kernel: [    0.753363] pci 0000:00:18.4: bridge window [io  0x1000-0x0fff] to [bus 1f] add_size 1000
kernel: [    0.753436] pci 0000:00:18.5: bridge window [io  0x1000-0x0fff] to [bus 20] add_size 1000
kernel: [    0.753509] pci 0000:00:18.6: bridge window [io  0x1000-0x0fff] to [bus 21] add_size 1000
kernel: [    0.753582] pci 0000:00:18.7: bridge window [io  0x1000-0x0fff] to [bus 22] add_size 1000
kernel: [    0.753639] pci 0000:00:15.3: res[13]=[io  0x1000-0x0fff] res_to_dev_res add_size 1000 min_align 1000
kernel: [    0.753641] pci 0000:00:15.3: res[13]=[io  0x1000-0x1fff] res_to_dev_res add_size 1000 min_align 1000
kernel: [    0.753643] pci 0000:00:15.4: res[13]=[io  0x1000-0x0fff] res_to_dev_res add_size 1000 min_align 1000
kernel: [    0.753645] pci 0000:00:15.4: res[13]=[io  0x1000-0x1fff] res_to_dev_res add_size 1000 min_align 1000
kernel: [    0.753647] pci 0000:00:15.5: res[13]=[io  0x1000-0x0fff] res_to_dev_res add_size 1000 min_align 1000
kernel: [    0.753648] pci 0000:00:15.5: res[13]=[io  0x1000-0x1fff] res_to_dev_res add_size 1000 min_align 1000
kernel: [    0.753650] pci 0000:00:15.6: res[13]=[io  0x1000-0x0fff] res_to_dev_res add_size 1000 min_align 1000
kernel: [    0.753652] pci 0000:00:15.6: res[13]=[io  0x1000-0x1fff] res_to_dev_res add_size 1000 min_align 1000
kernel: [    0.753654] pci 0000:00:15.7: res[13]=[io  0x1000-0x0fff] res_to_dev_res add_size 1000 min_align 1000
kernel: [    0.753655] pci 0000:00:15.7: res[13]=[io  0x1000-0x1fff] res_to_dev_res add_size 1000 min_align 1000
kernel: [    0.753657] pci 0000:00:16.3: res[13]=[io  0x1000-0x0fff] res_to_dev_res add_size 1000 min_align 1000
kernel: [    0.753659] pci 0000:00:16.3: res[13]=[io  0x1000-0x1fff] res_to_dev_res add_size 1000 min_align 1000
kernel: [    0.753661] pci 0000:00:16.4: res[13]=[io  0x1000-0x0fff] res_to_dev_res add_size 1000 min_align 1000
kernel: [    0.753662] pci 0000:00:16.4: res[13]=[io  0x1000-0x1fff] res_to_dev_res add_size 1000 min_align 1000
kernel: [    0.753664] pci 0000:00:16.5: res[13]=[io  0x1000-0x0fff] res_to_dev_res add_size 1000 min_align 1000
kernel: [    0.753666] pci 0000:00:16.5: res[13]=[io  0x1000-0x1fff] res_to_dev_res add_size 1000 min_align 1000
kernel: [    0.753668] pci 0000:00:16.6: res[13]=[io  0x1000-0x0fff] res_to_dev_res add_size 1000 min_align 1000
kernel: [    0.753669] pci 0000:00:16.6: res[13]=[io  0x1000-0x1fff] res_to_dev_res add_size 1000 min_align 1000
kernel: [    0.753672] pci 0000:00:16.7: res[13]=[io  0x1000-0x0fff] res_to_dev_res add_size 1000 min_align 1000
kernel: [    0.753673] pci 0000:00:16.7: res[13]=[io  0x1000-0x1fff] res_to_dev_res add_size 1000 min_align 1000
kernel: [    0.753675] pci 0000:00:17.3: res[13]=[io  0x1000-0x0fff] res_to_dev_res add_size 1000 min_align 1000
kernel: [    0.753677] pci 0000:00:17.3: res[13]=[io  0x1000-0x1fff] res_to_dev_res add_size 1000 min_align 1000
kernel: [    0.753678] pci 0000:00:17.4: res[13]=[io  0x1000-0x0fff] res_to_dev_res add_size 1000 min_align 1000
kernel: [    0.753680] pci 0000:00:17.4: res[13]=[io  0x1000-0x1fff] res_to_dev_res add_size 1000 min_align 1000
kernel: [    0.753682] pci 0000:00:17.5: res[13]=[io  0x1000-0x0fff] res_to_dev_res add_size 1000 min_align 1000
kernel: [    0.753684] pci 0000:00:17.5: res[13]=[io  0x1000-0x1fff] res_to_dev_res add_size 1000 min_align 1000
kernel: [    0.753685] pci 0000:00:17.6: res[13]=[io  0x1000-0x0fff] res_to_dev_res add_size 1000 min_align 1000
kernel: [    0.753687] pci 0000:00:17.6: res[13]=[io  0x1000-0x1fff] res_to_dev_res add_size 1000 min_align 1000
kernel: [    0.753689] pci 0000:00:17.7: res[13]=[io  0x1000-0x0fff] res_to_dev_res add_size 1000 min_align 1000
kernel: [    0.753690] pci 0000:00:17.7: res[13]=[io  0x1000-0x1fff] res_to_dev_res add_size 1000 min_align 1000
kernel: [    0.753692] pci 0000:00:18.2: res[13]=[io  0x1000-0x0fff] res_to_dev_res add_size 1000 min_align 1000
kernel: [    0.753694] pci 0000:00:18.2: res[13]=[io  0x1000-0x1fff] res_to_dev_res add_size 1000 min_align 1000
kernel: [    0.753695] pci 0000:00:18.3: res[13]=[io  0x1000-0x0fff] res_to_dev_res add_size 1000 min_align 1000
kernel: [    0.753697] pci 0000:00:18.3: res[13]=[io  0x1000-0x1fff] res_to_dev_res add_size 1000 min_align 1000
kernel: [    0.753699] pci 0000:00:18.4: res[13]=[io  0x1000-0x0fff] res_to_dev_res add_size 1000 min_align 1000
kernel: [    0.753701] pci 0000:00:18.4: res[13]=[io  0x1000-0x1fff] res_to_dev_res add_size 1000 min_align 1000
kernel: [    0.753702] pci 0000:00:18.5: res[13]=[io  0x1000-0x0fff] res_to_dev_res add_size 1000 min_align 1000
kernel: [    0.753704] pci 0000:00:18.5: res[13]=[io  0x1000-0x1fff] res_to_dev_res add_size 1000 min_align 1000
kernel: [    0.753706] pci 0000:00:18.6: res[13]=[io  0x1000-0x0fff] res_to_dev_res add_size 1000 min_align 1000
kernel: [    0.753707] pci 0000:00:18.6: res[13]=[io  0x1000-0x1fff] res_to_dev_res add_size 1000 min_align 1000
kernel: [    0.753709] pci 0000:00:18.7: res[13]=[io  0x1000-0x0fff] res_to_dev_res add_size 1000 min_align 1000
kernel: [    0.753711] pci 0000:00:18.7: res[13]=[io  0x1000-0x1fff] res_to_dev_res add_size 1000 min_align 1000
kernel: [    0.753716] pci 0000:00:0f.0: BAR 6: assigned [mem 0xc0000000-0xc0007fff pref]
kernel: [    0.753933] pci 0000:00:10.0: BAR 6: assigned [mem 0xc0008000-0xc000bfff pref]
kernel: [    0.754232] pci 0000:00:15.3: BAR 13: no space for [io  size 0x1000]
kernel: [    0.754367] pci 0000:00:15.3: BAR 13: failed to assign [io  size 0x1000]
kernel: [    0.754505] pci 0000:00:15.4: BAR 13: no space for [io  size 0x1000]
kernel: [    0.754638] pci 0000:00:15.4: BAR 13: failed to assign [io  size 0x1000]
kernel: [    0.754776] pci 0000:00:15.5: BAR 13: no space for [io  size 0x1000]
kernel: [    0.754910] pci 0000:00:15.5: BAR 13: failed to assign [io  size 0x1000]
kernel: [    0.755083] pci 0000:00:15.6: BAR 13: no space for [io  size 0x1000]
kernel: [    0.755216] pci 0000:00:15.6: BAR 13: failed to assign [io  size 0x1000]
kernel: [    0.755354] pci 0000:00:15.7: BAR 13: no space for [io  size 0x1000]
kernel: [    0.755487] pci 0000:00:15.7: BAR 13: failed to assign [io  size 0x1000]
kernel: [    0.755624] pci 0000:00:16.3: BAR 13: no space for [io  size 0x1000]
kernel: [    0.755757] pci 0000:00:16.3: BAR 13: failed to assign [io  size 0x1000]
kernel: [    0.755894] pci 0000:00:16.4: BAR 13: no space for [io  size 0x1000]
kernel: [    0.756121] pci 0000:00:16.4: BAR 13: failed to assign [io  size 0x1000]
kernel: [    0.756260] pci 0000:00:16.5: BAR 13: no space for [io  size 0x1000]
kernel: [    0.756394] pci 0000:00:16.5: BAR 13: failed to assign [io  size 0x1000]
kernel: [    0.756531] pci 0000:00:16.6: BAR 13: no space for [io  size 0x1000]
kernel: [    0.756664] pci 0000:00:16.6: BAR 13: failed to assign [io  size 0x1000]
kernel: [    0.756801] pci 0000:00:16.7: BAR 13: no space for [io  size 0x1000]
kernel: [    0.756970] pci 0000:00:16.7: BAR 13: failed to assign [io  size 0x1000]
kernel: [    0.757107] pci 0000:00:17.3: BAR 13: no space for [io  size 0x1000]
kernel: [    0.757240] pci 0000:00:17.3: BAR 13: failed to assign [io  size 0x1000]
kernel: [    0.757377] pci 0000:00:17.4: BAR 13: no space for [io  size 0x1000]
kernel: [    0.757510] pci 0000:00:17.4: BAR 13: failed to assign [io  size 0x1000]
kernel: [    0.757648] pci 0000:00:17.5: BAR 13: no space for [io  size 0x1000]
kernel: [    0.757781] pci 0000:00:17.5: BAR 13: failed to assign [io  size 0x1000]
kernel: [    0.757960] pci 0000:00:17.6: BAR 13: no space for [io  size 0x1000]
kernel: [    0.758174] pci 0000:00:17.6: BAR 13: failed to assign [io  size 0x1000]
kernel: [    0.758338] pci 0000:00:17.7: BAR 13: no space for [io  size 0x1000]
kernel: [    0.758472] pci 0000:00:17.7: BAR 13: failed to assign [io  size 0x1000]
kernel: [    0.758610] pci 0000:00:18.2: BAR 13: no space for [io  size 0x1000]
kernel: [    0.758743] pci 0000:00:18.2: BAR 13: failed to assign [io  size 0x1000]
kernel: [    0.758880] pci 0000:00:18.3: BAR 13: no space for [io  size 0x1000]
kernel: [    0.759047] pci 0000:00:18.3: BAR 13: failed to assign [io  size 0x1000]
kernel: [    0.759184] pci 0000:00:18.4: BAR 13: no space for [io  size 0x1000]
kernel: [    0.759317] pci 0000:00:18.4: BAR 13: failed to assign [io  size 0x1000]
kernel: [    0.759454] pci 0000:00:18.5: BAR 13: no space for [io  size 0x1000]
kernel: [    0.759587] pci 0000:00:18.5: BAR 13: failed to assign [io  size 0x1000]
kernel: [    0.759736] pci 0000:00:18.6: BAR 13: no space for [io  size 0x1000]
kernel: [    0.759972] pci 0000:00:18.6: BAR 13: failed to assign [io  size 0x1000]
kernel: [    0.760143] pci 0000:00:18.7: BAR 13: no space for [io  size 0x1000]
kernel: [    0.760304] pci 0000:00:18.7: BAR 13: failed to assign [io  size 0x1000]
kernel: [    0.760482] pci 0000:00:18.7: BAR 13: no space for [io  size 0x1000]
kernel: [    0.760674] pci 0000:00:18.7: BAR 13: failed to assign [io  size 0x1000]
kernel: [    0.760865] pci 0000:00:18.6: BAR 13: no space for [io  size 0x1000]
kernel: [    0.761199] pci 0000:00:18.6: BAR 13: failed to assign [io  size 0x1000]
kernel: [    0.761355] pci 0000:00:18.5: BAR 13: no space for [io  size 0x1000]
kernel: [    0.761489] pci 0000:00:18.5: BAR 13: failed to assign [io  size 0x1000]
kernel: [    0.761626] pci 0000:00:18.4: BAR 13: no space for [io  size 0x1000]
kernel: [    0.761759] pci 0000:00:18.4: BAR 13: failed to assign [io  size 0x1000]
kernel: [    0.761896] pci 0000:00:18.3: BAR 13: no space for [io  size 0x1000]
kernel: [    0.762088] pci 0000:00:18.3: BAR 13: failed to assign [io  size 0x1000]
kernel: [    0.762227] pci 0000:00:18.2: BAR 13: no space for [io  size 0x1000]
kernel: [    0.762360] pci 0000:00:18.2: BAR 13: failed to assign [io  size 0x1000]
kernel: [    0.762498] pci 0000:00:17.7: BAR 13: no space for [io  size 0x1000]
kernel: [    0.762632] pci 0000:00:17.7: BAR 13: failed to assign [io  size 0x1000]
kernel: [    0.762770] pci 0000:00:17.6: BAR 13: no space for [io  size 0x1000]
kernel: [    0.762914] pci 0000:00:17.6: BAR 13: failed to assign [io  size 0x1000]
kernel: [    0.763215] pci 0000:00:17.5: BAR 13: no space for [io  size 0x1000]
kernel: [    0.763369] pci 0000:00:17.5: BAR 13: failed to assign [io  size 0x1000]
kernel: [    0.763527] pci 0000:00:17.4: BAR 13: no space for [io  size 0x1000]
kernel: [    0.763678] pci 0000:00:17.4: BAR 13: failed to assign [io  size 0x1000]
kernel: [    0.763835] pci 0000:00:17.3: BAR 13: no space for [io  size 0x1000]
kernel: [    0.764002] pci 0000:00:17.3: BAR 13: failed to assign [io  size 0x1000]
kernel: [    0.764168] pci 0000:00:16.7: BAR 13: no space for [io  size 0x1000]
kernel: [    0.764332] pci 0000:00:16.7: BAR 13: failed to assign [io  size 0x1000]
kernel: [    0.764501] pci 0000:00:16.6: BAR 13: no space for [io  size 0x1000]
kernel: [    0.764672] pci 0000:00:16.6: BAR 13: failed to assign [io  size 0x1000]
kernel: [    0.764839] pci 0000:00:16.5: BAR 13: no space for [io  size 0x1000]
kernel: [    0.765017] pci 0000:00:16.5: BAR 13: failed to assign [io  size 0x1000]
kernel: [    0.765172] pci 0000:00:16.4: BAR 13: no space for [io  size 0x1000]
kernel: [    0.765320] pci 0000:00:16.4: BAR 13: failed to assign [io  size 0x1000]
kernel: [    0.765473] pci 0000:00:16.3: BAR 13: no space for [io  size 0x1000]
kernel: [    0.765621] pci 0000:00:16.3: BAR 13: failed to assign [io  size 0x1000]
kernel: [    0.765774] pci 0000:00:15.7: BAR 13: no space for [io  size 0x1000]
kernel: [    0.766083] pci 0000:00:15.7: BAR 13: failed to assign [io  size 0x1000]
kernel: [    0.766243] pci 0000:00:15.6: BAR 13: no space for [io  size 0x1000]
kernel: [    0.766385] pci 0000:00:15.6: BAR 13: failed to assign [io  size 0x1000]
kernel: [    0.766528] pci 0000:00:15.5: BAR 13: no space for [io  size 0x1000]
kernel: [    0.766666] pci 0000:00:15.5: BAR 13: failed to assign [io  size 0x1000]
kernel: [    0.768533] pci 0000:00:15.4: BAR 13: no space for [io  size 0x1000]
kernel: [    0.768668] pci 0000:00:15.4: BAR 13: failed to assign [io  size 0x1000]
kernel: [    0.768805] pci 0000:00:15.3: BAR 13: no space for [io  size 0x1000]
kernel: [    0.768974] pci 0000:00:15.3: BAR 13: failed to assign [io  size 0x1000]
kernel: [    0.769113] pci 0000:00:01.0: PCI bridge to [bus 01]
kernel: [    0.769371] pci 0000:02:01.0: BAR 6: assigned [mem 0xfd500000-0xfd50ffff pref]
kernel: [    0.769571] pci 0000:02:05.0: BAR 6: assigned [mem 0xfd510000-0xfd51ffff pref]
kernel: [    0.769770] pci 0000:00:11.0: PCI bridge to [bus 02]
kernel: [    0.769954] pci 0000:00:11.0:   bridge window [io  0x2000-0x3fff]
kernel: [    0.770221] pci 0000:00:11.0:   bridge window [mem 0xfd500000-0xfdffffff]
kernel: [    0.770404] pci 0000:00:11.0:   bridge window [mem 0xe7b00000-0xe7ffffff 64bit pref]
kernel: [    0.770684] pci 0000:00:15.0: PCI bridge to [bus 03]
kernel: [    0.770835] pci 0000:00:15.0:   bridge window [io  0x4000-0x4fff]
kernel: [    0.771044] pci 0000:00:15.0:   bridge window [mem 0xfd400000-0xfd4fffff]
kernel: [    0.771224] pci 0000:00:15.0:   bridge window [mem 0xe7a00000-0xe7afffff 64bit pref]
kernel: [    0.771556] pci 0000:00:15.1: PCI bridge to [bus 04]
kernel: [    0.771709] pci 0000:00:15.1:   bridge window [io  0x8000-0x8fff]
kernel: [    0.771909] pci 0000:00:15.1:   bridge window [mem 0xfd000000-0xfd0fffff]
kernel: [    0.772090] pci 0000:00:15.1:   bridge window [mem 0xe7600000-0xe76fffff 64bit pref]
kernel: [    0.772390] pci 0000:00:15.2: PCI bridge to [bus 05]
kernel: [    0.772542] pci 0000:00:15.2:   bridge window [io  0xc000-0xcfff]
kernel: [    0.772728] pci 0000:00:15.2:   bridge window [mem 0xfcc00000-0xfccfffff]
kernel: [    0.772971] pci 0000:00:15.2:   bridge window [mem 0xe7200000-0xe72fffff 64bit pref]
kernel: [    0.773326] pci 0000:00:15.3: PCI bridge to [bus 06]
kernel: [    0.773505] pci 0000:00:15.3:   bridge window [mem 0xfc800000-0xfc8fffff]
kernel: [    0.773684] pci 0000:00:15.3:   bridge window [mem 0xe6e00000-0xe6efffff 64bit pref]
kernel: [    0.774003] pci 0000:00:15.4: PCI bridge to [bus 07]
kernel: [    0.774181] pci 0000:00:15.4:   bridge window [mem 0xfc400000-0xfc4fffff]
kernel: [    0.774360] pci 0000:00:15.4:   bridge window [mem 0xe6a00000-0xe6afffff 64bit pref]
kernel: [    0.774658] pci 0000:00:15.5: PCI bridge to [bus 08]
kernel: [    0.774835] pci 0000:00:15.5:   bridge window [mem 0xfc000000-0xfc0fffff]
kernel: [    0.775071] pci 0000:00:15.5:   bridge window [mem 0xe6600000-0xe66fffff 64bit pref]
kernel: [    0.775371] pci 0000:00:15.6: PCI bridge to [bus 09]
kernel: [    0.775549] pci 0000:00:15.6:   bridge window [mem 0xfbc00000-0xfbcfffff]
kernel: [    0.775728] pci 0000:00:15.6:   bridge window [mem 0xe6200000-0xe62fffff 64bit pref]
kernel: [    0.776148] pci 0000:00:15.7: PCI bridge to [bus 0a]
kernel: [    0.776309] pci 0000:00:15.7:   bridge window [mem 0xfb800000-0xfb8fffff]
kernel: [    0.776570] pci 0000:00:15.7:   bridge window [mem 0xe5e00000-0xe5efffff 64bit pref]
kernel: [    0.776983] pci 0000:00:16.0: PCI bridge to [bus 0b]
kernel: [    0.777392] pci 0000:00:16.0:   bridge window [io  0x5000-0x5fff]
kernel: [    0.777731] pci 0000:00:16.0:   bridge window [mem 0xfd300000-0xfd3fffff]
kernel: [    0.777989] pci 0000:00:16.0:   bridge window [mem 0xe7900000-0xe79fffff 64bit pref]
